root@eltex-practice2-v28:~# START=$(journalctl -b -o short-unix | head -1 | awk '{print $1}')
root@eltex-practice2-v28:~# echo $START
1783609793.711188
root@eltex-practice2-v28:~# END=$(echo "$START + 20" | bc)
root@eltex-practice2-v28:~# echo $END
1783609813.711188
root@eltex-practice2-v28:~# journalctl -b -o short-unix | awk -v s="$START" -v e="$END" '$1 >= s && $1 <= e'
1783609793.711188 localhost kernel: Linux version 6.8.0-134-generic (buildd@lcy02-amd64-007) (x86_64-linux-gnu-gcc-13 (Ubuntu 13.3.0-6ubuntu2~24.04.1) 13.3.0, GNU ld (GNU Binutils for Ubuntu) 2.42) #134-Ubuntu SMP PREEMPT_DYNAMIC Fri Jun 26 18:43:11 UTC 2026 (Ubuntu 6.8.0-134.134-generic 6.8.12)
1783609793.711260 localhost kernel: Command line: BOOT_IMAGE=/vmlinuz-6.8.0-134-generic root=/dev/mapper/ubuntu--vg-ubuntu--lv ro
1783609793.711273 localhost kernel: KERNEL supported cpus:
1783609793.711281 localhost kernel:   Intel GenuineIntel
1783609793.711299 localhost kernel:   AMD AuthenticAMD
1783609793.711308 localhost kernel:   Hygon HygonGenuine
1783609793.711317 localhost kernel:   Centaur CentaurHauls
1783609793.711325 localhost kernel:   zhaoxin   Shanghai
1783609793.711333 localhost kernel: BIOS-provided physical RAM map:
1783609793.711341 localhost kernel: BIOS-e820: [mem 0x0000000000000000-0x000000000009fbff] usable
1783609793.711349 localhost kernel: BIOS-e820: [mem 0x000000000009fc00-0x000000000009ffff] reserved
1783609793.711357 localhost kernel: BIOS-e820: [mem 0x00000000000f0000-0x00000000000fffff] reserved
1783609793.711366 localhost kernel: BIOS-e820: [mem 0x0000000000100000-0x00000000bffd9fff] usable
1783609793.711374 localhost kernel: BIOS-e820: [mem 0x00000000bffda000-0x00000000bfffffff] reserved
1783609793.711458 localhost kernel: BIOS-e820: [mem 0x00000000feffc000-0x00000000feffffff] reserved
1783609793.711466 localhost kernel: BIOS-e820: [mem 0x00000000fffc0000-0x00000000ffffffff] reserved
1783609793.711474 localhost kernel: BIOS-e820: [mem 0x0000000100000000-0x000000013fffffff] usable
1783609793.711482 localhost kernel: BIOS-e820: [mem 0x000000fd00000000-0x000000ffffffffff] reserved
1783609793.711490 localhost kernel: NX (Execute Disable) protection: active
1783609793.711499 localhost kernel: APIC: Static calls initialized
1783609793.711529 localhost kernel: SMBIOS 2.8 present.
1783609793.711536 localhost kernel: DMI: QEMU Standard PC (i440FX + PIIX, 1996), BIOS rel-1.17.0-0-gb52ca86e094d-prebuilt.qemu.org 04/01/2014
1783609793.711544 localhost kernel: Hypervisor detected: KVM
1783609793.711635 localhost kernel: kvm-clock: Using msrs 4b564d01 and 4b564d00
1783609793.711644 localhost kernel: kvm-clock: using sched offset of 395711012984 cycles
1783609793.711654 localhost kernel: clocksource: kvm-clock: mask: 0xffffffffffffffff max_cycles: 0x1cd42e4dffb, max_idle_ns: 881590591483 ns
1783609793.711662 localhost kernel: tsc: Detected 3399.996 MHz processor
1783609793.711671 localhost kernel: e820: update [mem 0x00000000-0x00000fff] usable ==> reserved
1783609793.711682 localhost kernel: e820: remove [mem 0x000a0000-0x000fffff] usable
1783609793.711691 localhost kernel: AGP: No AGP bridge found
1783609793.711699 localhost kernel: last_pfn = 0x140000 max_arch_pfn = 0x400000000
1783609793.711707 localhost kernel: MTRR map: 4 entries (3 fixed + 1 variable; max 19), built from 8 variable MTRRs
1783609793.711716 localhost kernel: x86/PAT: Configuration [0-7]: WB  WC  UC- UC  WB  WP  UC- WT
1783609793.711724 localhost kernel: last_pfn = 0xbffda max_arch_pfn = 0x400000000
1783609793.711733 localhost kernel: found SMP MP-table at [mem 0x000f5490-0x000f549f]
1783609793.711741 localhost kernel: RAMDISK: [mem 0x2edf1000-0x336effff]
1783609793.711750 localhost kernel: ACPI: Early table checksum verification disabled
1783609793.711758 localhost kernel: ACPI: RSDP 0x00000000000F5290 000014 (v00 BOCHS )
1783609793.711766 localhost kernel: ACPI: RSDT 0x00000000BFFE3B52 000034 (v01 BOCHS  BXPC     00000001 BXPC 00000001)
1783609793.711777 localhost kernel: ACPI: FACP 0x00000000BFFE396C 000074 (v01 BOCHS  BXPC     00000001 BXPC 00000001)
1783609793.711787 localhost kernel: ACPI: DSDT 0x00000000BFFDF040 00492C (v01 BOCHS  BXPC     00000001 BXPC 00000001)
1783609793.711795 localhost kernel: ACPI: FACS 0x00000000BFFDF000 000040
1783609793.711803 localhost kernel: ACPI: APIC 0x00000000BFFE39E0 000080 (v03 BOCHS  BXPC     00000001 BXPC 00000001)
1783609793.711813 localhost kernel: ACPI: SSDT 0x00000000BFFE3A60 0000CA (v01 BOCHS  VMGENID  00000001 BXPC 00000001)
1783609793.711822 localhost kernel: ACPI: WAET 0x00000000BFFE3B2A 000028 (v01 BOCHS  BXPC     00000001 BXPC 00000001)
1783609793.711831 localhost kernel: ACPI: Reserving FACP table memory at [mem 0xbffe396c-0xbffe39df]
1783609793.711839 localhost kernel: ACPI: Reserving DSDT table memory at [mem 0xbffdf040-0xbffe396b]
1783609793.711847 localhost kernel: ACPI: Reserving FACS table memory at [mem 0xbffdf000-0xbffdf03f]
1783609793.711855 localhost kernel: ACPI: Reserving APIC table memory at [mem 0xbffe39e0-0xbffe3a5f]
1783609793.711863 localhost kernel: ACPI: Reserving SSDT table memory at [mem 0xbffe3a60-0xbffe3b29]
1783609793.711872 localhost kernel: ACPI: Reserving WAET table memory at [mem 0xbffe3b2a-0xbffe3b51]
1783609793.711880 localhost kernel: No NUMA configuration found
1783609793.711888 localhost kernel: Faking a node at [mem 0x0000000000000000-0x000000013fffffff]
1783609793.711897 localhost kernel: NODE_DATA(0) allocated [mem 0x13ffd2000-0x13fffcfff]
1783609793.711906 localhost kernel: Zone ranges:
1783609793.711915 localhost kernel:   DMA      [mem 0x0000000000001000-0x0000000000ffffff]
1783609793.711924 localhost kernel:   DMA32    [mem 0x0000000001000000-0x00000000ffffffff]
1783609793.711932 localhost kernel:   Normal   [mem 0x0000000100000000-0x000000013fffffff]
1783609793.711940 localhost kernel:   Device   empty
1783609793.711948 localhost kernel: Movable zone start for each node
1783609793.711957 localhost kernel: Early memory node ranges
1783609793.711966 localhost kernel:   node   0: [mem 0x0000000000001000-0x000000000009efff]
1783609793.711973 localhost kernel:   node   0: [mem 0x0000000000100000-0x00000000bffd9fff]
1783609793.712025 localhost kernel:   node   0: [mem 0x0000000100000000-0x000000013fffffff]
1783609793.712034 localhost kernel: Initmem setup node 0 [mem 0x0000000000001000-0x000000013fffffff]
1783609793.712042 localhost kernel: On node 0, zone DMA: 1 pages in unavailable ranges
1783609793.712052 localhost kernel: On node 0, zone DMA: 97 pages in unavailable ranges
1783609793.712061 localhost kernel: On node 0, zone Normal: 38 pages in unavailable ranges
1783609793.712069 localhost kernel: ACPI: PM-Timer IO Port: 0x608
1783609793.712077 localhost kernel: ACPI: LAPIC_NMI (acpi_id[0xff] dfl dfl lint[0x1])
1783609793.712085 localhost kernel: IOAPIC[0]: apic_id 0, version 17, address 0xfec00000, GSI 0-23
1783609793.712094 localhost kernel: ACPI: INT_SRC_OVR (bus 0 bus_irq 0 global_irq 2 dfl dfl)
1783609793.712102 localhost kernel: ACPI: INT_SRC_OVR (bus 0 bus_irq 5 global_irq 5 high level)
1783609793.712111 localhost kernel: ACPI: INT_SRC_OVR (bus 0 bus_irq 9 global_irq 9 high level)
1783609793.712119 localhost kernel: ACPI: INT_SRC_OVR (bus 0 bus_irq 10 global_irq 10 high level)
1783609793.712128 localhost kernel: ACPI: INT_SRC_OVR (bus 0 bus_irq 11 global_irq 11 high level)
1783609793.712137 localhost kernel: ACPI: Using ACPI (MADT) for SMP configuration information
1783609793.712147 localhost kernel: smpboot: Allowing 2 CPUs, 0 hotplug CPUs
1783609793.712155 localhost kernel: kvm-guest: APIC: eoi() replaced with kvm_guest_apic_eoi_write()
1783609793.712164 localhost kernel: PM: hibernation: Registered nosave memory: [mem 0x00000000-0x00000fff]
1783609793.712172 localhost kernel: PM: hibernation: Registered nosave memory: [mem 0x0009f000-0x000fffff]
1783609793.712181 localhost kernel: PM: hibernation: Registered nosave memory: [mem 0xbffda000-0xffffffff]
1783609793.712189 localhost kernel: [mem 0xc0000000-0xfeffbfff] available for PCI devices
1783609793.712197 localhost kernel: Booting paravirtualized kernel on KVM
1783609793.712206 localhost kernel: clocksource: refined-jiffies: mask: 0xffffffff max_cycles: 0xffffffff, max_idle_ns: 1910969940391419 ns
1783609793.712214 localhost kernel: setup_percpu: NR_CPUS:8192 nr_cpumask_bits:2 nr_cpu_ids:2 nr_node_ids:1
1783609793.712222 localhost kernel: percpu: Embedded 86 pages/cpu s229376 r8192 d114688 u1048576
1783609793.712230 localhost kernel: pcpu-alloc: s229376 r8192 d114688 u1048576 alloc=1*2097152
1783609793.712239 localhost kernel: pcpu-alloc: [0] 0 1
1783609793.712249 localhost kernel: kvm-guest: PV spinlocks enabled
1783609793.712257 localhost kernel: PV qspinlock hash table entries: 256 (order: 0, 4096 bytes, linear)
1783609793.712265 localhost kernel: Kernel command line: BOOT_IMAGE=/vmlinuz-6.8.0-134-generic root=/dev/mapper/ubuntu--vg-ubuntu--lv ro
1783609793.712274 localhost kernel: Dentry cache hash table entries: 524288 (order: 10, 4194304 bytes, linear)
1783609793.712282 localhost kernel: Inode-cache hash table entries: 262144 (order: 9, 2097152 bytes, linear)
1783609793.712299 localhost kernel: Fallback order for Node 0: 0
1783609793.712307 localhost kernel: Built 1 zonelists, mobility grouping on.  Total pages: 1031898
1783609793.712316 localhost kernel: Policy zone: Normal
1783609793.712324 localhost kernel: mem auto-init: stack:all(zero), heap alloc:on, heap free:off
1783609793.712333 localhost kernel: AGP: Checking aperture...
1783609793.712341 localhost kernel: AGP: No AGP bridge found
1783609793.712349 localhost kernel: software IO TLB: area num 2.
1783609793.712360 localhost kernel: Memory: 3925880K/4193760K available (22528K kernel code, 4439K rwdata, 14420K rodata, 4924K init, 4788K bss, 267620K reserved, 0K cma-reserved)
1783609793.712368 localhost kernel: SLUB: HWalign=64, Order=0-3, MinObjects=0, CPUs=2, Nodes=1
1783609793.712377 localhost kernel: ftrace: allocating 58301 entries in 228 pages
1783609793.712385 localhost kernel: ftrace: allocated 228 pages with 4 groups
1783609793.712393 localhost kernel: Dynamic Preempt: voluntary
1783609793.712402 localhost kernel: rcu: Preemptible hierarchical RCU implementation.
1783609793.712411 localhost kernel: rcu:         RCU restricting CPUs from NR_CPUS=8192 to nr_cpu_ids=2.
1783609793.712419 localhost kernel:         Trampoline variant of Tasks RCU enabled.
1783609793.712427 localhost kernel:         Rude variant of Tasks RCU enabled.
1783609793.712436 localhost kernel:         Tracing variant of Tasks RCU enabled.
1783609793.712444 localhost kernel: rcu: RCU calculated value of scheduler-enlistment delay is 100 jiffies.
1783609793.712454 localhost kernel: rcu: Adjusting geometry for rcu_fanout_leaf=16, nr_cpu_ids=2
1783609793.712463 localhost kernel: RCU Tasks: Setting shift to 1 and lim to 1 rcu_task_cb_adjust=1 rcu_task_cpu_ids=2.
1783609793.712471 localhost kernel: RCU Tasks Rude: Setting shift to 1 and lim to 1 rcu_task_cb_adjust=1 rcu_task_cpu_ids=2.
1783609793.712480 localhost kernel: RCU Tasks Trace: Setting shift to 1 and lim to 1 rcu_task_cb_adjust=1 rcu_task_cpu_ids=2.
1783609793.712488 localhost kernel: NR_IRQS: 524544, nr_irqs: 440, preallocated irqs: 16
1783609793.712497 localhost kernel: rcu: srcu_init: Setting srcu_struct sizes based on contention.
1783609793.712510 localhost kernel: Console: colour dummy device 80x25
1783609793.712518 localhost kernel: printk: legacy console [tty0] enabled
1783609793.712532 localhost kernel: ACPI: Core revision 20230628
1783609793.714763 localhost kernel: APIC: Switch to symmetric I/O mode setup
1783609793.714776 localhost kernel: x2apic enabled
1783609793.714784 localhost kernel: APIC: Switched APIC routing to: physical x2apic
1783609793.714793 localhost kernel: ..TIMER: vector=0x30 apic1=0 pin1=2 apic2=-1 pin2=-1
1783609793.714804 localhost kernel: tsc: Marking TSC unstable due to TSCs unsynchronized
1783609793.714813 localhost kernel: Calibrating delay loop (skipped) preset value.. 6799.99 BogoMIPS (lpj=3399996)
1783609793.714821 localhost kernel: process: using AMD E400 aware idle routine
1783609793.714829 localhost kernel: Last level iTLB entries: 4KB 512, 2MB 255, 4MB 127
1783609793.714838 localhost kernel: Last level dTLB entries: 4KB 512, 2MB 255, 4MB 127, 1GB 0
1783609793.714847 localhost kernel: Spectre V1 : Mitigation: usercopy/swapgs barriers and __user pointer sanitization
1783609793.714855 localhost kernel: Spectre V2 : Mitigation: Retpolines
1783609793.714863 localhost kernel: Spectre V2 : Spectre v2 / SpectreRSB: Filling RSB on context switch and VMEXIT
1783609793.714872 localhost kernel: x86/fpu: x87 FPU will use FXSAVE
1783609793.714882 localhost kernel: Freeing SMP alternatives memory: 48K
1783609793.714890 localhost kernel: pid_max: default: 32768 minimum: 301
1783609793.714899 localhost kernel: LSM: initializing lsm=lockdown,capability,landlock,yama,apparmor,integrity
1783609793.714907 localhost kernel: landlock: Up and running.
1783609793.714916 localhost kernel: Yama: becoming mindful.
1783609793.714924 localhost kernel: AppArmor: AppArmor initialized
1783609793.714932 localhost kernel: Mount-cache hash table entries: 8192 (order: 4, 65536 bytes, linear)
1783609793.714941 localhost kernel: Mountpoint-cache hash table entries: 8192 (order: 4, 65536 bytes, linear)
1783609793.714950 localhost kernel: smpboot: CPU0: AMD QEMU Virtual CPU version 2.5+ (family: 0xf, model: 0x6b, stepping: 0x1)
1783609793.714959 localhost kernel: Performance Events: PMU not available due to virtualization, using software events only.
1783609793.714967 localhost kernel: signal: max sigframe size: 1440
1783609793.714975 localhost kernel: rcu: Hierarchical SRCU implementation.
1783609793.714985 localhost kernel: rcu:         Max phase no-delay instances is 400.
1783609793.714993 localhost kernel: NMI watchdog: Perf NMI watchdog permanently disabled
1783609793.715001 localhost kernel: smp: Bringing up secondary CPUs ...
1783609793.715009 localhost kernel: smpboot: x86: Booting SMP configuration:
1783609793.715018 localhost kernel: .... node  #0, CPUs:      #1
1783609793.715025 localhost kernel: smp: Brought up 1 node, 2 CPUs
1783609793.715034 localhost kernel: smpboot: Max logical packages: 1
1783609793.715042 localhost kernel: smpboot: Total of 2 processors activated (13599.98 BogoMIPS)
1783609793.715050 localhost kernel: devtmpfs: initialized
1783609793.715059 localhost kernel: x86/mm: Memory block size: 128MB
1783609793.715067 localhost kernel: clocksource: jiffies: mask: 0xffffffff max_cycles: 0xffffffff, max_idle_ns: 1911260446275000 ns
1783609793.715075 localhost kernel: futex hash table entries: 512 (order: 3, 32768 bytes, linear)
1783609793.715084 localhost kernel: pinctrl core: initialized pinctrl subsystem
1783609793.715092 localhost kernel: PM: RTC time: 15:07:56, date: 2026-07-09
1783609793.715100 localhost kernel: NET: Registered PF_NETLINK/PF_ROUTE protocol family
1783609793.715110 localhost kernel: DMA: preallocated 512 KiB GFP_KERNEL pool for atomic allocations
1783609793.715119 localhost kernel: DMA: preallocated 512 KiB GFP_KERNEL|GFP_DMA pool for atomic allocations
1783609793.715128 localhost kernel: DMA: preallocated 512 KiB GFP_KERNEL|GFP_DMA32 pool for atomic allocations
1783609793.715136 localhost kernel: audit: initializing netlink subsys (disabled)
1783609793.715145 localhost kernel: audit: type=2000 audit(1783609676.753:1): state=initialized audit_enabled=0 res=1
1783609793.715153 localhost kernel: thermal_sys: Registered thermal governor 'fair_share'
1783609793.715160 localhost kernel: thermal_sys: Registered thermal governor 'bang_bang'
1783609793.715169 localhost kernel: thermal_sys: Registered thermal governor 'step_wise'
1783609793.715180 localhost kernel: thermal_sys: Registered thermal governor 'user_space'
1783609793.715188 localhost kernel: thermal_sys: Registered thermal governor 'power_allocator'
1783609793.715196 localhost kernel: cpuidle: using governor ladder
1783609793.715203 localhost kernel: cpuidle: using governor menu
1783609793.715210 localhost kernel: acpiphp: ACPI Hot Plug PCI Controller Driver version: 0.5
1783609793.715220 localhost kernel: PCI: Using configuration type 1 for base access
1783609793.715228 localhost kernel: kprobes: kprobe jump-optimization is enabled. All kprobes are optimized if possible.
1783609793.715235 localhost kernel: HugeTLB: registered 2.00 MiB page size, pre-allocated 0 pages
1783609793.715243 localhost kernel: HugeTLB: 28 KiB vmemmap can be freed for a 2.00 MiB page
1783609793.715250 localhost kernel: fbcon: Taking over console
1783609793.715258 localhost kernel: ACPI: Added _OSI(Module Device)
1783609793.715266 localhost kernel: ACPI: Added _OSI(Processor Device)
1783609793.715273 localhost kernel: ACPI: Added _OSI(Processor Aggregator Device)
1783609793.715281 localhost kernel: ACPI: 2 ACPI AML tables successfully acquired and loaded
1783609793.715299 localhost kernel: ACPI: _OSC evaluation for CPUs failed, trying _PDC
1783609793.715307 localhost kernel: ACPI: Interpreter enabled
1783609793.715314 localhost kernel: ACPI: PM: (supports S0 S5)
1783609793.715322 localhost kernel: ACPI: Using IOAPIC for interrupt routing
1783609793.715331 localhost kernel: PCI: Using host bridge windows from ACPI; if necessary, use "pci=nocrs" and report a bug
1783609793.715338 localhost kernel: PCI: Using E820 reservations for host bridge windows
1783609793.715346 localhost kernel: ACPI: Enabled 3 GPEs in block 00 to 0F
1783609793.715353 localhost kernel: ACPI: PCI Root Bridge [PCI0] (domain 0000 [bus 00-ff])
1783609793.715480 localhost kernel: acpi PNP0A03:00: _OSC: OS supports [ASPM ClockPM Segments MSI EDR HPX-Type3]
1783609793.716724 localhost kernel: acpi PNP0A03:00: _OSC: not requesting OS control; OS requires [ExtendedConfig ASPM ClockPM MSI]
1783609793.716813 localhost kernel: acpi PNP0A03:00: fail to add MMCONFIG information, can't access extended configuration space under this bridge
1783609793.716825 localhost kernel: acpiphp: Slot [3] registered
1783609793.716833 localhost kernel: acpiphp: Slot [8] registered
1783609793.716845 localhost kernel: acpiphp: Slot [18] registered
1783609793.716853 localhost kernel: acpiphp: Slot [4] registered
1783609793.716862 localhost kernel: acpiphp: Slot [6] registered
1783609793.716871 localhost kernel: acpiphp: Slot [7] registered
1783609793.716879 localhost kernel: acpiphp: Slot [9] registered
1783609793.716887 localhost kernel: acpiphp: Slot [10] registered
1783609793.716895 localhost kernel: acpiphp: Slot [11] registered
1783609793.716903 localhost kernel: acpiphp: Slot [12] registered
1783609793.716912 localhost kernel: acpiphp: Slot [13] registered
1783609793.716920 localhost kernel: acpiphp: Slot [14] registered
1783609793.716928 localhost kernel: acpiphp: Slot [15] registered
1783609793.716937 localhost kernel: acpiphp: Slot [16] registered
1783609793.716945 localhost kernel: acpiphp: Slot [17] registered
1783609793.716955 localhost kernel: acpiphp: Slot [19] registered
1783609793.716963 localhost kernel: acpiphp: Slot [20] registered
1783609793.716972 localhost kernel: acpiphp: Slot [21] registered
1783609793.716980 localhost kernel: acpiphp: Slot [22] registered
1783609793.716988 localhost kernel: acpiphp: Slot [23] registered
1783609793.716996 localhost kernel: acpiphp: Slot [24] registered
1783609793.717004 localhost kernel: acpiphp: Slot [25] registered
1783609793.717012 localhost kernel: acpiphp: Slot [26] registered
1783609793.717021 localhost kernel: acpiphp: Slot [27] registered
1783609793.717029 localhost kernel: acpiphp: Slot [28] registered
1783609793.717038 localhost kernel: acpiphp: Slot [29] registered
1783609793.717046 localhost kernel: PCI host bridge to bus 0000:00
1783609793.717129 localhost kernel: pci_bus 0000:00: root bus resource [io  0x0000-0x0cf7 window]
1783609793.717195 localhost kernel: pci_bus 0000:00: root bus resource [io  0x0d00-0xffff window]
1783609793.717260 localhost kernel: pci_bus 0000:00: root bus resource [mem 0x000a0000-0x000bffff window]
1783609793.717338 localhost kernel: pci_bus 0000:00: root bus resource [mem 0xc0000000-0xfebfffff window]
1783609793.717403 localhost kernel: pci_bus 0000:00: root bus resource [mem 0xc000000000-0xc0a000bfff window]
1783609793.717467 localhost kernel: pci_bus 0000:00: root bus resource [bus 00-ff]
1783609793.718626 localhost kernel: pci 0000:00:00.0: [8086:1237] type 00 class 0x060000 conventional PCI endpoint
1783609793.718767 localhost kernel: pci 0000:00:01.0: [8086:7000] type 00 class 0x060100 conventional PCI endpoint
1783609793.718927 localhost kernel: pci 0000:00:01.1: [8086:7010] type 00 class 0x010180 conventional PCI endpoint
1783609793.719016 localhost kernel: pci 0000:00:01.1: BAR 4 [io  0xf0e0-0xf0ef]
1783609793.719103 localhost kernel: pci 0000:00:01.1: BAR 0 [io  0x01f0-0x01f7]: legacy IDE quirk
1783609793.719191 localhost kernel: pci 0000:00:01.1: BAR 1 [io  0x03f6]: legacy IDE quirk
1783609793.719277 localhost kernel: pci 0000:00:01.1: BAR 2 [io  0x0170-0x0177]: legacy IDE quirk
1783609793.719395 localhost kernel: pci 0000:00:01.1: BAR 3 [io  0x0376]: legacy IDE quirk
1783609793.719542 localhost kernel: pci 0000:00:01.2: [8086:7020] type 00 class 0x0c0300 conventional PCI endpoint
1783609793.719633 localhost kernel: pci 0000:00:01.2: BAR 4 [io  0xf0c0-0xf0df]
1783609793.719755 localhost kernel: pci 0000:00:01.3: [8086:7113] type 00 class 0x068000 conventional PCI endpoint
1783609793.719843 localhost kernel: pci 0000:00:01.3: quirk: [io  0x0600-0x063f] claimed by PIIX4 ACPI
1783609793.719927 localhost kernel: pci 0000:00:01.3: quirk: [io  0x0700-0x070f] claimed by PIIX4 SMB
1783609793.720015 localhost kernel: pci 0000:00:02.0: [1234:1111] type 00 class 0x030000 conventional PCI endpoint
1783609793.720098 localhost kernel: pci 0000:00:02.0: BAR 0 [mem 0xfd000000-0xfdffffff pref]
1783609793.720182 localhost kernel: pci 0000:00:02.0: BAR 2 [mem 0xfea50000-0xfea50fff]
1783609793.720263 localhost kernel: pci 0000:00:02.0: ROM [mem 0xfea40000-0xfea4ffff pref]
1783609793.720356 localhost kernel: pci 0000:00:02.0: Video device with shadowed ROM at [mem 0x000c0000-0x000dffff]
1783609793.721140 localhost kernel: pci 0000:00:03.0: [1af4:1002] type 00 class 0x00ff00 conventional PCI endpoint
1783609793.721255 localhost kernel: pci 0000:00:03.0: BAR 0 [io  0xf000-0xf03f]
1783609793.721332 localhost kernel: pci 0000:00:03.0: BAR 1 [mem 0xfea51000-0xfea51fff]
1783609793.721400 localhost kernel: pci 0000:00:03.0: BAR 4 [mem 0xc0a0000000-0xc0a0003fff 64bit pref]
1783609793.721466 localhost kernel: pci 0000:00:05.0: [1b36:0001] type 01 class 0x060400 conventional PCI bridge
1783609793.721623 localhost kernel: pci 0000:00:05.0: BAR 0 [mem 0xc000000000-0xc0000000ff 64bit]
1783609793.721688 localhost kernel: pci 0000:00:05.0: PCI bridge to [bus 01]
1783609793.721745 localhost kernel: pci 0000:00:05.0:   bridge window [io  0xe000-0xefff]
1783609793.721800 localhost kernel: pci 0000:00:05.0:   bridge window [mem 0xfe800000-0xfe9fffff]
1783609793.721854 localhost kernel: pci 0000:00:05.0:   bridge window [mem 0xc080000000-0xc09fffffff 64bit pref]
1783609793.721919 localhost kernel: pci 0000:00:08.0: [1af4:1003] type 00 class 0x078000 conventional PCI endpoint
1783609793.721980 localhost kernel: pci 0000:00:08.0: BAR 0 [io  0xf040-0xf07f]
1783609793.722034 localhost kernel: pci 0000:00:08.0: BAR 1 [mem 0xfea52000-0xfea52fff]
1783609793.722089 localhost kernel: pci 0000:00:08.0: BAR 4 [mem 0xc0a0004000-0xc0a0007fff 64bit pref]
1783609793.722150 localhost kernel: pci 0000:00:12.0: [1af4:1000] type 00 class 0x020000 conventional PCI endpoint
1783609793.722206 localhost kernel: pci 0000:00:12.0: BAR 0 [io  0xf080-0xf0bf]
1783609793.722277 localhost kernel: pci 0000:00:12.0: BAR 1 [mem 0xfea53000-0xfea53fff]
1783609793.722344 localhost kernel: pci 0000:00:12.0: BAR 4 [mem 0xc0a0008000-0xc0a000bfff 64bit pref]
1783609793.722398 localhost kernel: pci 0000:00:12.0: ROM [mem 0xfea00000-0xfea3ffff pref]
1783609793.722460 localhost kernel: pci 0000:00:1e.0: [1b36:0001] type 01 class 0x060400 conventional PCI bridge
1783609793.722519 localhost kernel: pci 0000:00:1e.0: BAR 0 [mem 0xc000001000-0xc0000010ff 64bit]
1783609793.722589 localhost kernel: pci 0000:00:1e.0: PCI bridge to [bus 02]
1783609793.722643 localhost kernel: pci 0000:00:1e.0:   bridge window [io  0xd000-0xdfff]
1783609793.722695 localhost kernel: pci 0000:00:1e.0:   bridge window [mem 0xfe600000-0xfe7fffff]
1783609793.722747 localhost kernel: pci 0000:00:1e.0:   bridge window [mem 0xc060000000-0xc07fffffff 64bit pref]
1783609793.722810 localhost kernel: pci 0000:00:1f.0: [1b36:0001] type 01 class 0x060400 conventional PCI bridge
1783609793.722866 localhost kernel: pci 0000:00:1f.0: BAR 0 [mem 0xc000002000-0xc0000020ff 64bit]
1783609793.722919 localhost kernel: pci 0000:00:1f.0: PCI bridge to [bus 03]
1783609793.722973 localhost kernel: pci 0000:00:1f.0:   bridge window [io  0xc000-0xcfff]
1783609793.723030 localhost kernel: pci 0000:00:1f.0:   bridge window [mem 0xfe400000-0xfe5fffff]
1783609793.723084 localhost kernel: pci 0000:00:1f.0:   bridge window [mem 0xc040000000-0xc05fffffff 64bit pref]
1783609793.723133 localhost kernel: pci_bus 0000:01: extended config space not accessible
1783609793.723141 localhost kernel: acpiphp: Slot [1-2] registered
1783609793.723146 localhost kernel: acpiphp: Slot [0] registered
1783609793.723150 localhost kernel: acpiphp: Slot [2] registered
1783609793.723155 localhost kernel: acpiphp: Slot [3-2] registered
1783609793.723159 localhost kernel: acpiphp: Slot [4-2] registered
1783609793.723164 localhost kernel: acpiphp: Slot [5] registered
1783609793.723168 localhost kernel: acpiphp: Slot [6-2] registered
1783609793.723173 localhost kernel: acpiphp: Slot [7-2] registered
1783609793.723179 localhost kernel: acpiphp: Slot [8-2] registered
1783609793.723184 localhost kernel: acpiphp: Slot [9-2] registered
1783609793.723189 localhost kernel: acpiphp: Slot [10-2] registered
1783609793.723193 localhost kernel: acpiphp: Slot [11-2] registered
1783609793.723198 localhost kernel: acpiphp: Slot [12-2] registered
1783609793.723203 localhost kernel: acpiphp: Slot [13-2] registered
1783609793.723207 localhost kernel: acpiphp: Slot [14-2] registered
1783609793.723212 localhost kernel: acpiphp: Slot [15-2] registered
1783609793.723218 localhost kernel: acpiphp: Slot [16-2] registered
1783609793.723226 localhost kernel: acpiphp: Slot [17-2] registered
1783609793.723234 localhost kernel: acpiphp: Slot [18-2] registered
1783609793.723242 localhost kernel: acpiphp: Slot [19-2] registered
1783609793.723249 localhost kernel: acpiphp: Slot [20-2] registered
1783609793.723254 localhost kernel: acpiphp: Slot [21-2] registered
1783609793.723259 localhost kernel: acpiphp: Slot [22-2] registered
1783609793.723264 localhost kernel: acpiphp: Slot [23-2] registered
1783609793.723268 localhost kernel: acpiphp: Slot [24-2] registered
1783609793.723272 localhost kernel: acpiphp: Slot [25-2] registered
1783609793.723277 localhost kernel: acpiphp: Slot [26-2] registered
1783609793.723281 localhost kernel: acpiphp: Slot [27-2] registered
1783609793.723294 localhost kernel: acpiphp: Slot [28-2] registered
1783609793.723299 localhost kernel: acpiphp: Slot [29-2] registered
1783609793.723304 localhost kernel: acpiphp: Slot [30] registered
1783609793.723308 localhost kernel: acpiphp: Slot [31] registered
1783609793.723380 localhost kernel: pci 0000:01:01.0: [1af4:1004] type 00 class 0x010000 conventional PCI endpoint
1783609793.723439 localhost kernel: pci 0000:01:01.0: BAR 0 [io  0xe000-0xe03f]
1783609793.723494 localhost kernel: pci 0000:01:01.0: BAR 1 [mem 0xfe800000-0xfe800fff]
1783609793.723561 localhost kernel: pci 0000:01:01.0: BAR 4 [mem 0xc080000000-0xc080003fff 64bit pref]
1783609793.723616 localhost kernel: pci 0000:00:05.0: PCI bridge to [bus 01]
1783609793.723662 localhost kernel: pci_bus 0000:02: extended config space not accessible
1783609793.723669 localhost kernel: acpiphp: Slot [0-2] registered
1783609793.723673 localhost kernel: acpiphp: Slot [1-3] registered
1783609793.723682 localhost kernel: acpiphp: Slot [2-2] registered
1783609793.723687 localhost kernel: acpiphp: Slot [3-3] registered
1783609793.723691 localhost kernel: acpiphp: Slot [4-3] registered
1783609793.723698 localhost kernel: acpiphp: Slot [5-2] registered
1783609793.723703 localhost kernel: acpiphp: Slot [6-3] registered
1783609793.723707 localhost kernel: acpiphp: Slot [7-3] registered
1783609793.723712 localhost kernel: acpiphp: Slot [8-3] registered
1783609793.723717 localhost kernel: acpiphp: Slot [9-3] registered
1783609793.723721 localhost kernel: acpiphp: Slot [10-3] registered
1783609793.723725 localhost kernel: acpiphp: Slot [11-3] registered
1783609793.723730 localhost kernel: acpiphp: Slot [12-3] registered
1783609793.723734 localhost kernel: acpiphp: Slot [13-3] registered
1783609793.723739 localhost kernel: acpiphp: Slot [14-3] registered
1783609793.723744 localhost kernel: acpiphp: Slot [15-3] registered
1783609793.723748 localhost kernel: acpiphp: Slot [16-3] registered
1783609793.723754 localhost kernel: acpiphp: Slot [17-3] registered
1783609793.723758 localhost kernel: acpiphp: Slot [18-3] registered
1783609793.723763 localhost kernel: acpiphp: Slot [19-3] registered
1783609793.723768 localhost kernel: acpiphp: Slot [20-3] registered
1783609793.723772 localhost kernel: acpiphp: Slot [21-3] registered
1783609793.723777 localhost kernel: acpiphp: Slot [22-3] registered
1783609793.723781 localhost kernel: acpiphp: Slot [23-3] registered
1783609793.723786 localhost kernel: acpiphp: Slot [24-3] registered
1783609793.723790 localhost kernel: acpiphp: Slot [25-3] registered
1783609793.723795 localhost kernel: acpiphp: Slot [26-3] registered
1783609793.723799 localhost kernel: acpiphp: Slot [27-3] registered
1783609793.723804 localhost kernel: acpiphp: Slot [28-3] registered
1783609793.723808 localhost kernel: acpiphp: Slot [29-3] registered
1783609793.723813 localhost kernel: acpiphp: Slot [30-2] registered
1783609793.723818 localhost kernel: acpiphp: Slot [31-2] registered
1783609793.723872 localhost kernel: pci 0000:00:1e.0: PCI bridge to [bus 02]
1783609793.723917 localhost kernel: pci_bus 0000:03: extended config space not accessible
1783609793.723924 localhost kernel: acpiphp: Slot [0-3] registered
1783609793.723928 localhost kernel: acpiphp: Slot [1-4] registered
1783609793.723933 localhost kernel: acpiphp: Slot [2-3] registered
1783609793.723943 localhost kernel: acpiphp: Slot [3-4] registered
1783609793.723948 localhost kernel: acpiphp: Slot [4-4] registered
1783609793.723953 localhost kernel: acpiphp: Slot [5-3] registered
1783609793.723957 localhost kernel: acpiphp: Slot [6-4] registered
1783609793.723961 localhost kernel: acpiphp: Slot [7-4] registered
1783609793.723966 localhost kernel: acpiphp: Slot [8-4] registered
1783609793.723970 localhost kernel: acpiphp: Slot [9-4] registered
1783609793.723975 localhost kernel: acpiphp: Slot [10-4] registered
1783609793.723980 localhost kernel: acpiphp: Slot [11-4] registered
1783609793.723985 localhost kernel: acpiphp: Slot [12-4] registered
1783609793.723990 localhost kernel: acpiphp: Slot [13-4] registered
1783609793.723994 localhost kernel: acpiphp: Slot [14-4] registered
1783609793.723999 localhost kernel: acpiphp: Slot [15-4] registered
1783609793.724003 localhost kernel: acpiphp: Slot [16-4] registered
1783609793.724008 localhost kernel: acpiphp: Slot [17-4] registered
1783609793.724013 localhost kernel: acpiphp: Slot [18-4] registered
1783609793.724018 localhost kernel: acpiphp: Slot [19-4] registered
1783609793.724022 localhost kernel: acpiphp: Slot [20-4] registered
1783609793.724026 localhost kernel: acpiphp: Slot [21-4] registered
1783609793.724031 localhost kernel: acpiphp: Slot [22-4] registered
1783609793.724035 localhost kernel: acpiphp: Slot [23-4] registered
1783609793.724039 localhost kernel: acpiphp: Slot [24-4] registered
1783609793.724044 localhost kernel: acpiphp: Slot [25-4] registered
1783609793.724048 localhost kernel: acpiphp: Slot [26-4] registered
1783609793.724053 localhost kernel: acpiphp: Slot [27-4] registered
1783609793.724057 localhost kernel: acpiphp: Slot [28-4] registered
1783609793.724062 localhost kernel: acpiphp: Slot [29-4] registered
1783609793.724067 localhost kernel: acpiphp: Slot [30-3] registered
1783609793.724072 localhost kernel: acpiphp: Slot [31-3] registered
1783609793.724124 localhost kernel: pci 0000:00:1f.0: PCI bridge to [bus 03]
1783609793.724130 localhost kernel: ACPI: PCI: Interrupt link LNKA configured for IRQ 10
1783609793.724135 localhost kernel: ACPI: PCI: Interrupt link LNKB configured for IRQ 10
1783609793.724140 localhost kernel: ACPI: PCI: Interrupt link LNKC configured for IRQ 11
1783609793.724145 localhost kernel: ACPI: PCI: Interrupt link LNKD configured for IRQ 11
1783609793.724150 localhost kernel: ACPI: PCI: Interrupt link LNKS configured for IRQ 9
1783609793.724154 localhost kernel: iommu: Default domain type: Translated
1783609793.724159 localhost kernel: iommu: DMA domain TLB invalidation policy: lazy mode
1783609793.724163 localhost kernel: SCSI subsystem initialized
1783609793.724168 localhost kernel: libata version 3.00 loaded.
1783609793.724174 localhost kernel: ACPI: bus type USB registered
1783609793.724179 localhost kernel: usbcore: registered new interface driver usbfs
1783609793.724185 localhost kernel: usbcore: registered new interface driver hub
1783609793.724190 localhost kernel: usbcore: registered new device driver usb
1783609793.724194 localhost kernel: pps_core: LinuxPPS API ver. 1 registered
1783609793.724199 localhost kernel: pps_core: Software ver. 5.3.6 - Copyright 2005-2007 Rodolfo Giometti <giometti@linux.it>
1783609793.724203 localhost kernel: PTP clock support registered
1783609793.724207 localhost kernel: EDAC MC: Ver: 3.0.0
1783609793.724216 localhost kernel: NetLabel: Initializing
1783609793.724221 localhost kernel: NetLabel:  domain hash size = 128
1783609793.724225 localhost kernel: NetLabel:  protocols = UNLABELED CIPSOv4 CALIPSO
1783609793.724230 localhost kernel: NetLabel:  unlabeled traffic allowed by default
1783609793.724237 localhost kernel: mctp: management component transport protocol core
1783609793.724246 localhost kernel: NET: Registered PF_MCTP protocol family
1783609793.724254 localhost kernel: PCI: Using ACPI for IRQ routing
1783609793.724263 localhost kernel: PCI: pci_cache_line_size set to 64 bytes
1783609793.724269 localhost kernel: e820: reserve RAM buffer [mem 0x0009fc00-0x0009ffff]
1783609793.724274 localhost kernel: e820: reserve RAM buffer [mem 0xbffda000-0xbfffffff]
1783609793.724346 localhost kernel: pci 0000:00:02.0: vgaarb: setting as boot VGA device
1783609793.724402 localhost kernel: pci 0000:00:02.0: vgaarb: bridge control possible
1783609793.724454 localhost kernel: pci 0000:00:02.0: vgaarb: VGA device added: decodes=io+mem,owns=io+mem,locks=none
1783609793.724460 localhost kernel: vgaarb: loaded
1783609793.724465 localhost kernel: clocksource: Switched to clocksource kvm-clock
1783609793.724471 localhost kernel: VFS: Disk quotas dquot_6.6.0
1783609793.724475 localhost kernel: VFS: Dquot-cache hash table entries: 512 (order 0, 4096 bytes)
1783609793.724480 localhost kernel: AppArmor: AppArmor Filesystem Enabled
1783609793.724485 localhost kernel: pnp: PnP ACPI init
1783609793.724543 localhost kernel: pnp 00:02: [dma 2]
1783609793.724554 localhost kernel: pnp: PnP ACPI: found 4 devices
1783609793.724559 localhost kernel: clocksource: acpi_pm: mask: 0xffffff max_cycles: 0xffffff, max_idle_ns: 2085701024 ns
1783609793.724564 localhost kernel: NET: Registered PF_INET protocol family
1783609793.724568 localhost kernel: IP idents hash table entries: 65536 (order: 7, 524288 bytes, linear)
1783609793.724573 localhost kernel: tcp_listen_portaddr_hash hash table entries: 2048 (order: 3, 32768 bytes, linear)
1783609793.724578 localhost kernel: Table-perturb hash table entries: 65536 (order: 6, 262144 bytes, linear)
1783609793.724582 localhost kernel: TCP established hash table entries: 32768 (order: 6, 262144 bytes, linear)
1783609793.724587 localhost kernel: TCP bind hash table entries: 32768 (order: 8, 1048576 bytes, linear)
1783609793.724591 localhost kernel: TCP: Hash tables configured (established 32768 bind 32768)
1783609793.724596 localhost kernel: MPTCP token hash table entries: 4096 (order: 5, 98304 bytes, linear)
1783609793.724601 localhost kernel: UDP hash table entries: 2048 (order: 4, 65536 bytes, linear)
1783609793.724606 localhost kernel: UDP-Lite hash table entries: 2048 (order: 4, 65536 bytes, linear)
1783609793.724611 localhost kernel: NET: Registered PF_UNIX/PF_LOCAL protocol family
1783609793.724615 localhost kernel: NET: Registered PF_XDP protocol family
1783609793.724669 localhost kernel: pci 0000:00:05.0: PCI bridge to [bus 01]
1783609793.724724 localhost kernel: pci 0000:00:05.0:   bridge window [io  0xe000-0xefff]
1783609793.724779 localhost kernel: pci 0000:00:05.0:   bridge window [mem 0xfe800000-0xfe9fffff]
1783609793.724832 localhost kernel: pci 0000:00:05.0:   bridge window [mem 0xc080000000-0xc09fffffff 64bit pref]
1783609793.724885 localhost kernel: pci 0000:00:1e.0: PCI bridge to [bus 02]
1783609793.724937 localhost kernel: pci 0000:00:1e.0:   bridge window [io  0xd000-0xdfff]
1783609793.724990 localhost kernel: pci 0000:00:1e.0:   bridge window [mem 0xfe600000-0xfe7fffff]
1783609793.725043 localhost kernel: pci 0000:00:1e.0:   bridge window [mem 0xc060000000-0xc07fffffff 64bit pref]
1783609793.725095 localhost kernel: pci 0000:00:1f.0: PCI bridge to [bus 03]
1783609793.725147 localhost kernel: pci 0000:00:1f.0:   bridge window [io  0xc000-0xcfff]
1783609793.725200 localhost kernel: pci 0000:00:1f.0:   bridge window [mem 0xfe400000-0xfe5fffff]
1783609793.725259 localhost kernel: pci 0000:00:1f.0:   bridge window [mem 0xc040000000-0xc05fffffff 64bit pref]
1783609793.725324 localhost kernel: pci_bus 0000:00: resource 4 [io  0x0000-0x0cf7 window]
1783609793.725365 localhost kernel: pci_bus 0000:00: resource 5 [io  0x0d00-0xffff window]
1783609793.725404 localhost kernel: pci_bus 0000:00: resource 6 [mem 0x000a0000-0x000bffff window]
1783609793.725441 localhost kernel: pci_bus 0000:00: resource 7 [mem 0xc0000000-0xfebfffff window]
1783609793.725478 localhost kernel: pci_bus 0000:00: resource 8 [mem 0xc000000000-0xc0a000bfff window]
1783609793.725524 localhost kernel: pci_bus 0000:01: resource 0 [io  0xe000-0xefff]
1783609793.725577 localhost kernel: pci_bus 0000:01: resource 1 [mem 0xfe800000-0xfe9fffff]
1783609793.725616 localhost kernel: pci_bus 0000:01: resource 2 [mem 0xc080000000-0xc09fffffff 64bit pref]
1783609793.725657 localhost kernel: pci_bus 0000:02: resource 0 [io  0xd000-0xdfff]
1783609793.725700 localhost kernel: pci_bus 0000:02: resource 1 [mem 0xfe600000-0xfe7fffff]
1783609793.725739 localhost kernel: pci_bus 0000:02: resource 2 [mem 0xc060000000-0xc07fffffff 64bit pref]
1783609793.725780 localhost kernel: pci_bus 0000:03: resource 0 [io  0xc000-0xcfff]
1783609793.725819 localhost kernel: pci_bus 0000:03: resource 1 [mem 0xfe400000-0xfe5fffff]
1783609793.725859 localhost kernel: pci_bus 0000:03: resource 2 [mem 0xc040000000-0xc05fffffff 64bit pref]
1783609793.725915 localhost kernel: pci 0000:00:01.0: PIIX3: Enabling Passive Release
1783609793.725978 localhost kernel: pci 0000:00:00.0: Limiting direct PCI/PCI transfers
1783609793.725986 localhost kernel: ACPI: \_SB_.LNKD: Enabled at IRQ 11
1783609793.725991 localhost kernel: PCI: CLS 0 bytes, default 64
1783609793.725996 localhost kernel: PCI-DMA: Using software bounce buffering for IO (SWIOTLB)
1783609793.726001 localhost kernel: software IO TLB: mapped [mem 0x00000000bbfda000-0x00000000bffda000] (64MB)
1783609793.726008 localhost kernel: Trying to unpack rootfs image as initramfs...
1783609793.726013 localhost kernel: Initialise system trusted keyrings
1783609793.726018 localhost kernel: Key type blacklist registered
1783609793.726022 localhost kernel: workingset: timestamp_bits=36 max_order=20 bucket_order=0
1783609793.726027 localhost kernel: zbud: loaded
1783609793.726032 localhost kernel: squashfs: version 4.0 (2009/01/31) Phillip Lougher
1783609793.726036 localhost kernel: fuse: init (API version 7.39)
1783609793.726040 localhost kernel: integrity: Platform Keyring initialized
1783609793.726045 localhost kernel: integrity: Machine keyring initialized
1783609793.726049 localhost kernel: Key type asymmetric registered
1783609793.726054 localhost kernel: Asymmetric key parser 'x509' registered
1783609793.726058 localhost kernel: Block layer SCSI generic (bsg) driver version 0.4 loaded (major 243)
1783609793.726063 localhost kernel: io scheduler mq-deadline registered
1783609793.726117 localhost kernel: shpchp 0000:00:05.0: Requesting control of SHPC hotplug via OSHP (\_SB_.PCI0.S28_)
1783609793.726171 localhost kernel: shpchp 0000:00:05.0: Requesting control of SHPC hotplug via OSHP (\_SB_.PCI0)
1783609793.726223 localhost kernel: shpchp 0000:00:05.0: Cannot get control of SHPC hotplug
1783609793.726293 localhost kernel: shpchp 0000:00:1e.0: Requesting control of SHPC hotplug via OSHP (\_SB_.PCI0.SF0_)
1783609793.726359 localhost kernel: shpchp 0000:00:1e.0: Requesting control of SHPC hotplug via OSHP (\_SB_.PCI0)
1783609793.726415 localhost kernel: shpchp 0000:00:1e.0: Cannot get control of SHPC hotplug
1783609793.726468 localhost kernel: shpchp 0000:00:1f.0: Requesting control of SHPC hotplug via OSHP (\_SB_.PCI0.SF8_)
1783609793.726522 localhost kernel: shpchp 0000:00:1f.0: Requesting control of SHPC hotplug via OSHP (\_SB_.PCI0)
1783609793.726593 localhost kernel: shpchp 0000:00:1f.0: Cannot get control of SHPC hotplug
1783609793.726600 localhost kernel: shpchp: Standard Hot Plug PCI Controller Driver version: 0.4
1783609793.726605 localhost kernel: input: Power Button as /devices/LNXSYSTM:00/LNXPWRBN:00/input/input0
1783609793.726610 localhost kernel: ACPI: button: Power Button [PWRF]
1783609793.726614 localhost kernel: ACPI: \_SB_.LNKC: Enabled at IRQ 10
1783609793.726619 localhost kernel: ACPI: \_SB_.LNKB: Enabled at IRQ 10
1783609793.726624 localhost kernel: ACPI: \_SB_.LNKA: Enabled at IRQ 11
1783609793.726628 localhost kernel: Free page reporting enabled
1783609793.726633 localhost kernel: Serial: 8250/16550 driver, 32 ports, IRQ sharing enabled
1783609793.726637 localhost kernel: Freeing initrd memory: 74748K
1783609793.726642 localhost kernel: Linux agpgart interface v0.103
1783609793.726646 localhost kernel: loop: module loaded
1783609793.726698 localhost kernel: virtio_scsi virtio3: 2/0/0 default/read/poll queues
1783609793.726751 localhost kernel: scsi host0: Virtio SCSI HBA
1783609793.726807 localhost kernel: scsi 0:0:0:0: Direct-Access     QEMU     QEMU HARDDISK    2.5+ PQ: 0 ANSI: 5
1783609793.726867 localhost kernel: ata_piix 0000:00:01.1: version 2.13
1783609793.726918 localhost kernel: scsi host1: ata_piix
1783609793.726965 localhost kernel: scsi host2: ata_piix
1783609793.726972 localhost kernel: ata1: PATA max MWDMA2 cmd 0x1f0 ctl 0x3f6 bmdma 0xf0e0 irq 14 lpm-pol 0
1783609793.726977 localhost kernel: ata2: PATA max MWDMA2 cmd 0x170 ctl 0x376 bmdma 0xf0e8 irq 15 lpm-pol 0
1783609793.726983 localhost kernel: ACPI: bus type drm_connector registered
1783609793.726988 localhost kernel: tun: Universal TUN/TAP device driver, 1.6
1783609793.726992 localhost kernel: PPP generic driver version 2.4.2
1783609793.727048 localhost kernel: uhci_hcd 0000:00:01.2: UHCI Host Controller
1783609793.727102 localhost kernel: uhci_hcd 0000:00:01.2: new USB bus registered, assigned bus number 1
1783609793.727156 localhost kernel: uhci_hcd 0000:00:01.2: detected 2 ports
1783609793.727208 localhost kernel: uhci_hcd 0000:00:01.2: irq 11, io port 0x0000f0c0
1783609793.727325 localhost kernel: usb usb1: New USB device found, idVendor=1d6b, idProduct=0001, bcdDevice= 6.08
1783609793.727422 localhost kernel: usb usb1: New USB device strings: Mfr=3, Product=2, SerialNumber=1
1783609793.727504 localhost kernel: usb usb1: Product: UHCI Host Controller
1783609793.727598 localhost kernel: usb usb1: Manufacturer: Linux 6.8.0-134-generic uhci_hcd
1783609793.727675 localhost kernel: usb usb1: SerialNumber: 0000:00:01.2
1783609793.727749 localhost kernel: hub 1-0:1.0: USB hub found
1783609793.727814 localhost kernel: hub 1-0:1.0: 2 ports detected
1783609793.727821 localhost kernel: i8042: PNP: PS/2 Controller [PNP0303:KBD,PNP0f13:MOU] at 0x60,0x64 irq 1,12
1783609793.727826 localhost kernel: serio: i8042 KBD port at 0x60,0x64 irq 1
1783609793.727831 localhost kernel: serio: i8042 AUX port at 0x60,0x64 irq 12
1783609793.727835 localhost kernel: mousedev: PS/2 mouse device common for all mice
1783609793.727840 localhost kernel: input: AT Translated Set 2 keyboard as /devices/platform/i8042/serio0/input/input1
1783609793.727889 localhost kernel: rtc_cmos 00:03: RTC can wake from S4
1783609793.727933 localhost kernel: rtc_cmos 00:03: registered as rtc0
1783609793.727973 localhost kernel: rtc_cmos 00:03: setting system clock to 2026-07-09T15:07:56 UTC (1783609676)
1783609793.728012 localhost kernel: rtc_cmos 00:03: alarms up to one day, y3k, 242 bytes nvram
1783609793.728017 localhost kernel: i2c_dev: i2c /dev entries driver
1783609793.728022 localhost kernel: device-mapper: core: CONFIG_IMA_DISABLE_HTABLE is disabled. Duplicate IMA measurements will not be recorded in the IMA log.
1783609793.728027 localhost kernel: device-mapper: uevent: version 1.0.3
1783609793.728032 localhost kernel: device-mapper: ioctl: 4.48.0-ioctl (2023-03-01) initialised: dm-devel@redhat.com
1783609793.728036 localhost kernel: amd_pstate: the _CPC object is not present in SBIOS or ACPI disabled
1783609793.728041 localhost kernel: ledtrig-cpu: registered to indicate activity on CPUs
1783609793.728046 localhost kernel: [drm] Initialized simpledrm 1.0.0 20200625 for simple-framebuffer.0 on minor 0
1783609793.728053 localhost kernel: Console: switching to colour frame buffer device 100x37
1783609793.728108 localhost kernel: sd 0:0:0:0: Power-on or device reset occurred
1783609793.728159 localhost kernel: sd 0:0:0:0: Attached scsi generic sg0 type 0
1783609793.728210 localhost kernel: sd 0:0:0:0: [sda] 67108864 512-byte logical blocks: (34.4 GB/32.0 GiB)
1783609793.728260 localhost kernel: sd 0:0:0:0: [sda] Write Protect is off
1783609793.728334 localhost kernel: sd 0:0:0:0: [sda] Mode Sense: 63 00 10 08
1783609793.728391 localhost kernel: sd 0:0:0:0: [sda] Write cache: enabled, read cache: enabled, supports DPO and FUA
1783609793.728408 localhost kernel: simple-framebuffer simple-framebuffer.0: [drm] fb0: simpledrmdrmfb frame buffer device
1783609793.728415 localhost kernel: drop_monitor: Initializing network drop monitor service
1783609793.728421 localhost kernel: NET: Registered PF_INET6 protocol family
1783609793.728426 localhost kernel: Segment Routing with IPv6
1783609793.728432 localhost kernel: In-situ OAM (IOAM) with IPv6
1783609793.728437 localhost kernel: NET: Registered PF_PACKET protocol family
1783609793.728441 localhost kernel: Key type dns_resolver registered
1783609793.728446 localhost kernel: IPI shorthand broadcast: enabled
1783609793.728452 localhost kernel: sched_clock: Marking stable (804007810, 936512)->(805934410, -990088)
1783609793.728462 localhost kernel: registered taskstats version 1
1783609793.728474 localhost kernel: Loading compiled-in X.509 certificates
1783609793.728482 localhost kernel: Loaded X.509 cert 'Build time autogenerated kernel key: 79aab6b364387381d7a5d225dcfcd094a654ef62'
1783609793.728490 localhost kernel: Loaded X.509 cert 'Canonical Ltd. Live Patch Signing 2025 Kmod: d541cef61dc7e793b7eb7e899970a2eef0b5dc8c'
1783609793.728497 localhost kernel: Loaded X.509 cert 'Canonical Ltd. Live Patch Signing: 14df34d1a87cf37625abec039ef2bf521249b969'
1783609793.728507 localhost kernel: Loaded X.509 cert 'Canonical Ltd. Kernel Module Signing 2025 Kmod: 4627603d2357a2a3f81006370894c221175893e9'
1783609793.728514 localhost kernel:  sda: sda1 sda2 sda3
1783609793.728522 localhost kernel: Loaded X.509 cert 'Canonical Ltd. Kernel Module Signing: 88f752e560a1e0737e31163a466ad7b70a850c19'
1783609793.728548 localhost kernel: blacklist: Loading compiled-in revocation X.509 certificates
1783609793.728621 localhost kernel: sd 0:0:0:0: [sda] Attached SCSI disk
1783609793.728629 localhost kernel: Loaded X.509 cert 'Canonical Ltd. Secure Boot Signing: 61482aa2830d0ab2ad5af10b7250da9033ddcef0'
1783609793.728634 localhost kernel: Loaded X.509 cert 'Canonical Ltd. Secure Boot Signing (2017): 242ade75ac4a15e50d50c84b0d45ff3eae707a03'
1783609793.728638 localhost kernel: Loaded X.509 cert 'Canonical Ltd. Secure Boot Signing (ESM 2018): 365188c1d374d6b07c3c8f240f8ef722433d6a8b'
1783609793.728644 localhost kernel: Loaded X.509 cert 'Canonical Ltd. Secure Boot Signing (2019): c0746fd6c5da3ae827864651ad66ae47fe24b3e8'
1783609793.728648 localhost kernel: Loaded X.509 cert 'Canonical Ltd. Secure Boot Signing (2021 v1): a8d54bbb3825cfb94fa13c9f8a594a195c107b8d'
1783609793.728654 localhost kernel: Loaded X.509 cert 'Canonical Ltd. Secure Boot Signing (2021 v2): 4cf046892d6fd3c9a5b03f98d845f90851dc6a8c'
1783609793.728660 localhost kernel: Loaded X.509 cert 'Canonical Ltd. Secure Boot Signing (2021 v3): 100437bb6de6e469b581e61cd66bce3ef4ed53af'
1783609793.728665 localhost kernel: Loaded X.509 cert 'Canonical Ltd. Secure Boot Signing (Ubuntu Core 2019): c1d57b8f6b743f23ee41f4f7ee292f06eecadfb9'
1783609793.728670 localhost kernel: Key type .fscrypt registered
1783609793.728674 localhost kernel: Key type fscrypt-provisioning registered
1783609793.728679 localhost kernel: cryptd: max_cpu_qlen set to 1000
1783609793.728683 localhost kernel: ata2: found unknown device (class 0)
1783609793.728688 localhost kernel: ata2.00: ATAPI: QEMU DVD-ROM, 2.5+, max UDMA/100
1783609793.728745 localhost kernel: scsi 2:0:0:0: CD-ROM            QEMU     QEMU DVD-ROM     2.5+ PQ: 0 ANSI: 5
1783609793.728797 localhost kernel: sr 2:0:0:0: [sr0] scsi3-mmc drive: 4x/4x cd/rw xa/form2 tray
1783609793.728803 localhost kernel: cdrom: Uniform CD-ROM driver Revision: 3.20
1783609793.728895 localhost kernel: sr 2:0:0:0: Attached scsi CD-ROM sr0
1783609793.728953 localhost kernel: sr 2:0:0:0: Attached scsi generic sg1 type 5
1783609793.728960 localhost kernel: SSE version of gcm_enc/dec engaged.
1783609793.728965 localhost kernel: Key type encrypted registered
1783609793.728969 localhost kernel: AppArmor: AppArmor sha256 policy hashing enabled
1783609793.728974 localhost kernel: ima: No TPM chip found, activating TPM-bypass!
1783609793.728979 localhost kernel: Loading compiled-in module X.509 certificates
1783609793.728984 localhost kernel: Loaded X.509 cert 'Build time autogenerated kernel key: 79aab6b364387381d7a5d225dcfcd094a654ef62'
1783609793.729094 localhost kernel: usb 1-1: new full-speed USB device number 2 using uhci_hcd
1783609793.729115 localhost kernel: ima: Allocated hash algorithm: sha256
1783609793.729123 localhost kernel: ima: No architecture policies found
1783609793.729127 localhost kernel: evm: Initialising EVM extended attributes:
1783609793.729132 localhost kernel: evm: security.selinux
1783609793.729136 localhost kernel: evm: security.SMACK64
1783609793.729141 localhost kernel: evm: security.SMACK64EXEC
1783609793.729145 localhost kernel: evm: security.SMACK64TRANSMUTE
1783609793.729150 localhost kernel: evm: security.SMACK64MMAP
1783609793.729155 localhost kernel: evm: security.apparmor
1783609793.729159 localhost kernel: evm: security.ima
1783609793.729164 localhost kernel: evm: security.capability
1783609793.729168 localhost kernel: evm: HMAC attrs: 0x1
1783609793.729172 localhost kernel: PM:   Magic number: 2:338:133
1783609793.729240 localhost kernel: acpi device:08: hash matches
1783609793.729248 localhost kernel: powernow_k8: Power state transitions not supported
1783609793.729253 localhost kernel: powernow_k8: Power state transitions not supported
1783609793.729259 localhost kernel: RAS: Correctable Errors collector initialized.
1783609793.729264 localhost kernel: clk: Disabling unused clocks
1783609793.729269 localhost kernel: Freeing unused decrypted memory: 2028K
1783609793.729274 localhost kernel: Freeing unused kernel image (initmem) memory: 4924K
1783609793.729278 localhost kernel: Write protecting the kernel read-only data: 38912k
1783609793.729283 localhost kernel: Freeing unused kernel image (rodata/data gap) memory: 1964K
1783609793.729295 localhost kernel: x86/mm: Checked W+X mappings: passed, no W+X pages found.
1783609793.729300 localhost kernel: Run /init as init process
1783609793.729305 localhost kernel:   with arguments:
1783609793.729312 localhost kernel:     /init
1783609793.729320 localhost kernel:   with environment:
1783609793.729328 localhost kernel:     HOME=/
1783609793.729336 localhost kernel:     TERM=linux
1783609793.729433 localhost kernel: usb 1-1: New USB device found, idVendor=0627, idProduct=0001, bcdDevice= 0.00
1783609793.729517 localhost kernel: usb 1-1: New USB device strings: Mfr=1, Product=3, SerialNumber=10
1783609793.729620 localhost kernel: usb 1-1: Product: QEMU USB Tablet
1783609793.729699 localhost kernel: usb 1-1: Manufacturer: QEMU
1783609793.729775 localhost kernel: usb 1-1: SerialNumber: 28754-0000:00:01.2-1
1783609793.729783 localhost kernel: hid: raw HID events driver (C) Jiri Kosina
1783609793.729787 localhost kernel: usbcore: registered new interface driver usbhid
1783609793.729795 localhost kernel: usbhid: USB HID core driver
1783609793.729800 localhost kernel: input: QEMU QEMU USB Tablet as /devices/pci0000:00/0000:00:01.2/usb1/1-1/1-1:1.0/0003:0627:0001.0001/input/input3
1783609793.729865 localhost kernel: hid-generic 0003:0627:0001.0001: input,hidraw0: USB HID v0.01 Mouse [QEMU QEMU USB Tablet] on usb-0000:00:01.2-1/input0
1783609793.729873 localhost kernel: FDC 0 is a S82078B
1783609793.729920 localhost kernel: virtio_net virtio2 ens18: renamed from eth0
1783609793.729927 localhost kernel: input: VirtualPS/2 VMware VMMouse as /devices/platform/i8042/serio1/input/input5
1783609793.729932 localhost kernel: input: VirtualPS/2 VMware VMMouse as /devices/platform/i8042/serio1/input/input4
1783609793.729937 localhost kernel: Console: switching to colour dummy device 80x25
1783609793.729991 localhost kernel: bochs-drm 0000:00:02.0: vgaarb: deactivate vga console
1783609793.730000 localhost kernel: [drm] Found bochs VGA, ID 0xb0c5.
1783609793.730005 localhost kernel: [drm] Framebuffer size 16384 kB @ 0xfd000000, mmio @ 0xfea50000.
1783609793.730009 localhost kernel: [drm] Found EDID data blob.
1783609793.730014 localhost kernel: [drm] Initialized bochs-drm 1.0.0 20130925 for 0000:00:02.0 on minor 0
1783609793.730019 localhost kernel: fbcon: bochs-drmdrmfb (fb0) is primary device
1783609793.730023 localhost kernel: Console: switching to colour frame buffer device 160x50
1783609793.730076 localhost kernel: bochs-drm 0000:00:02.0: [drm] fb0: bochs-drmdrmfb frame buffer device
1783609793.730086 localhost kernel: workqueue: update_balloon_size_func hogged CPU for >10000us 4 times, consider switching to WQ_UNBOUND
1783609793.730091 localhost kernel: workqueue: update_balloon_size_func hogged CPU for >10000us 8 times, consider switching to WQ_UNBOUND
1783609793.730095 localhost kernel: hrtimer: interrupt took 5001224 ns
1783609793.730100 localhost kernel: random: crng init done
1783609793.730105 localhost kernel: raid6: sse2x4   gen() 12553 MB/s
1783609793.730111 localhost kernel: raid6: sse2x2   gen()  3969 MB/s
1783609793.730115 localhost kernel: raid6: sse2x1   gen()  1050 MB/s
1783609793.730119 localhost kernel: raid6: using algorithm sse2x4 gen() 12553 MB/s
1783609793.730124 localhost kernel: raid6: .... xor() 3084 MB/s, rmw enabled
1783609793.730129 localhost kernel: raid6: using ssse3x2 recovery algorithm
1783609793.730133 localhost kernel: xor: measuring software checksum speed
1783609793.730138 localhost kernel:    prefetch64-sse  : 21365 MB/sec
1783609793.730143 localhost kernel:    generic_sse     : 19325 MB/sec
1783609793.730147 localhost kernel: xor: using function: prefetch64-sse (21365 MB/sec)
1783609793.730152 localhost kernel: async_tx: api initialized (async)
1783609793.730156 localhost kernel: Btrfs loaded, zoned=yes, fsverity=yes
1783609793.730161 localhost kernel: workqueue: drm_fb_helper_damage_work hogged CPU for >10000us 4 times, consider switching to WQ_UNBOUND
1783609793.730167 localhost kernel: EXT4-fs (dm-0): mounted filesystem 78dfc1ab-05ce-40b9-a2f8-2f3e03168145 ro with ordered data mode. Quota mode: none.
1783609793.730171 localhost kernel: workqueue: drm_fb_helper_damage_work hogged CPU for >10000us 8 times, consider switching to WQ_UNBOUND
1783609793.730177 localhost systemd[1]: Inserted module 'autofs4'
1783609793.730184 localhost systemd[1]: systemd 255.4-1ubuntu8.16 running in system mode (+PAM +AUDIT +SELINUX +APPARMOR +IMA +SMACK +SECCOMP +GCRYPT -GNUTLS +OPENSSL +ACL +BLKID +CURL +ELFUTILS +FIDO2 +IDN2 -IDN +IPTC +KMOD +LIBCRYPTSETUP +LIBFDISK +PCRE2 -PWQUALITY +P11KIT +QRENCODE +TPM2 +BZIP2 +LZ4 +XZ +ZLIB +ZSTD -BPF_FRAMEWORK -XKBCOMMON +UTMP +SYSVINIT default-hierarchy=unified)
1783609793.730190 localhost systemd[1]: Detected virtualization kvm.
1783609793.730195 localhost systemd[1]: Detected architecture x86-64.
1783609793.730200 localhost systemd[1]: No hostname configured, using default hostname.
1783609793.730205 localhost systemd[1]: Hostname set to <localhost>.
1783609793.730210 localhost systemd[1]: Queued start job for default target graphical.target.
1783609793.730216 localhost kernel: workqueue: drm_fb_helper_damage_work hogged CPU for >10000us 16 times, consider switching to WQ_UNBOUND
1783609793.730221 localhost systemd[1]: Created slice system-modprobe.slice - Slice /system/modprobe.
1783609793.730227 localhost systemd[1]: Created slice system-systemd\x2dfsck.slice - Slice /system/systemd-fsck.
1783609793.730232 localhost systemd[1]: Created slice user.slice - User and Session Slice.
1783609793.730236 localhost systemd[1]: Started systemd-ask-password-wall.path - Forward Password Requests to Wall Directory Watch.
1783609793.730242 localhost systemd[1]: Set up automount proc-sys-fs-binfmt_misc.automount - Arbitrary Executable File Formats File System Automount Point.
1783609793.730247 localhost systemd[1]: Expecting device dev-disk-by\x2duuid-c3f8f018\x2df5f7\x2d4a5d\x2d92a1\x2d12ee87108672.device - /dev/disk/by-uuid/c3f8f018-f5f7-4a5d-92a1-12ee87108672...
1783609793.730252 localhost systemd[1]: Reached target integritysetup.target - Local Integrity Protected Volumes.
1783609793.730258 localhost systemd[1]: Reached target slices.target - Slice Units.
1783609793.730263 localhost systemd[1]: Reached target snapd.mounts-pre.target - Mounting snaps.
1783609793.730268 localhost systemd[1]: Reached target snapd.mounts.target - Mounted snaps.
1783609793.730274 localhost systemd[1]: Reached target veritysetup.target - Local Verity Protected Volumes.
1783609793.730278 localhost systemd[1]: Listening on dm-event.socket - Device-mapper event daemon FIFOs.
1783609793.730283 localhost systemd[1]: Listening on lvm2-lvmpolld.socket - LVM2 poll daemon socket.
1783609793.730298 localhost systemd[1]: Listening on multipathd.socket - multipathd control socket.
1783609793.730303 localhost systemd[1]: Listening on syslog.socket - Syslog Socket.
1783609793.730309 localhost systemd[1]: Listening on systemd-fsckd.socket - fsck to fsckd communication Socket.
1783609793.730314 localhost systemd[1]: Listening on systemd-initctl.socket - initctl Compatibility Named Pipe.
1783609793.730319 localhost systemd[1]: Listening on systemd-journald-dev-log.socket - Journal Socket (/dev/log).
1783609793.730324 localhost systemd[1]: Listening on systemd-journald.socket - Journal Socket.
1783609793.730333 localhost systemd[1]: Listening on systemd-networkd.socket - Network Service Netlink Socket.
1783609793.730342 localhost systemd[1]: systemd-pcrextend.socket - TPM2 PCR Extension (Varlink) was skipped because of an unmet condition check (ConditionSecurity=measured-uki).
1783609793.730350 localhost systemd[1]: Listening on systemd-udevd-control.socket - udev Control Socket.
1783609793.730357 localhost systemd[1]: Listening on systemd-udevd-kernel.socket - udev Kernel Socket.
1783609793.730362 localhost systemd[1]: Mounting dev-hugepages.mount - Huge Pages File System...
1783609793.730367 localhost systemd[1]: Mounting dev-mqueue.mount - POSIX Message Queue File System...
1783609793.730372 localhost systemd[1]: Mounting sys-kernel-debug.mount - Kernel Debug File System...
1783609793.730376 localhost systemd[1]: Mounting sys-kernel-tracing.mount - Kernel Trace File System...
1783609793.730381 localhost systemd[1]: Starting systemd-journald.service - Journal Service...
1783609793.730386 localhost systemd[1]: Starting keyboard-setup.service - Set the console keyboard layout...
1783609793.730391 localhost systemd[1]: Starting kmod-static-nodes.service - Create List of Static Device Nodes...
1783609793.730398 localhost systemd[1]: Starting lvm2-monitor.service - Monitoring of LVM2 mirrors, snapshots etc. using dmeventd or progress polling...
1783609793.730403 localhost systemd[1]: Starting modprobe@configfs.service - Load Kernel Module configfs...
1783609793.730408 localhost systemd[1]: Starting modprobe@dm_mod.service - Load Kernel Module dm_mod...
1783609793.730413 localhost systemd[1]: Starting modprobe@drm.service - Load Kernel Module drm...
1783609793.730418 localhost systemd[1]: Starting modprobe@efi_pstore.service - Load Kernel Module efi_pstore...
1783609793.730423 localhost systemd[1]: Starting modprobe@fuse.service - Load Kernel Module fuse...
1783609793.730428 localhost systemd[1]: Starting modprobe@loop.service - Load Kernel Module loop...
1783609793.730433 localhost systemd[1]: netplan-ovs-cleanup.service - OpenVSwitch configuration for cleanup was skipped because of an unmet condition check (ConditionFileIsExecutable=/usr/bin/ovs-vsctl).
1783609793.730440 localhost systemd[1]: systemd-fsck-root.service - File System Check on Root Device was skipped because of an unmet condition check (ConditionPathExists=!/run/initramfs/fsck-root).
1783609793.730445 localhost systemd[1]: Starting systemd-modules-load.service - Load Kernel Modules...
1783609793.730450 localhost systemd[1]: systemd-pcrmachine.service - TPM2 PCR Machine ID Measurement was skipped because of an unmet condition check (ConditionSecurity=measured-uki).
1783609793.730455 localhost systemd[1]: Starting systemd-remount-fs.service - Remount Root and Kernel File Systems...
1783609793.730461 localhost systemd[1]: systemd-tpm2-setup-early.service - TPM2 SRK Setup (Early) was skipped because of an unmet condition check (ConditionSecurity=measured-uki).
1783609793.730466 localhost systemd[1]: Starting systemd-udev-trigger.service - Coldplug All udev Devices...
1783609793.730471 localhost systemd[1]: Mounted dev-hugepages.mount - Huge Pages File System.
1783609793.730475 localhost systemd[1]: Mounted dev-mqueue.mount - POSIX Message Queue File System.
1783609793.730480 localhost systemd[1]: Mounted sys-kernel-debug.mount - Kernel Debug File System.
1783609793.730485 localhost systemd[1]: Mounted sys-kernel-tracing.mount - Kernel Trace File System.
1783609793.730491 localhost systemd[1]: Finished kmod-static-nodes.service - Create List of Static Device Nodes.
1783609793.730496 localhost systemd[1]: modprobe@configfs.service: Deactivated successfully.
1783609793.730500 localhost systemd[1]: Finished modprobe@configfs.service - Load Kernel Module configfs.
1783609793.730505 localhost systemd[1]: modprobe@dm_mod.service: Deactivated successfully.
1783609793.730510 localhost systemd[1]: Finished modprobe@dm_mod.service - Load Kernel Module dm_mod.
1783609793.730515 localhost systemd[1]: modprobe@drm.service: Deactivated successfully.
1783609793.730520 localhost systemd[1]: Finished modprobe@drm.service - Load Kernel Module drm.
1783609793.730534 localhost systemd[1]: modprobe@efi_pstore.service: Deactivated successfully.
1783609793.730539 localhost systemd[1]: Finished modprobe@efi_pstore.service - Load Kernel Module efi_pstore.
1783609793.730545 localhost systemd[1]: modprobe@fuse.service: Deactivated successfully.
1783609793.730550 localhost systemd[1]: Finished modprobe@fuse.service - Load Kernel Module fuse.
1783609793.730554 localhost systemd[1]: modprobe@loop.service: Deactivated successfully.
1783609793.730560 localhost systemd[1]: Finished modprobe@loop.service - Load Kernel Module loop.
1783609793.730566 localhost systemd[1]: Mounting sys-fs-fuse-connections.mount - FUSE Control File System...
1783609793.730571 localhost systemd[1]: Mounting sys-kernel-config.mount - Kernel Configuration File System...
1783609793.730576 localhost systemd[1]: systemd-repart.service - Repartition Root Disk was skipped because no trigger condition checks were met.
1783609793.730581 localhost systemd[1]: Starting systemd-tmpfiles-setup-dev-early.service - Create Static Device Nodes in /dev gracefully...
1783609793.730586 localhost systemd[1]: Mounted sys-fs-fuse-connections.mount - FUSE Control File System.
1783609793.730591 localhost systemd[1]: Mounted sys-kernel-config.mount - Kernel Configuration File System.
1783609793.730610 localhost systemd-journald[308]: Collecting audit messages is disabled.
1783609793.730626 localhost systemd-journald[308]: Journal started
1783609793.730640 localhost systemd-journald[308]: Runtime Journal (/run/log/journal/560b026a44d3424ea490d29e1a7e2775) is 4.6M, max 37.1M, 32.5M free.
1783609793.733063 localhost systemd[1]: Started systemd-journald.service - Journal Service.
1783609793.994548 localhost kernel: EXT4-fs (dm-0): re-mounted 78dfc1ab-05ce-40b9-a2f8-2f3e03168145 r/w.
1783609793.998172 localhost systemd[1]: Finished systemd-remount-fs.service - Remount Root and Kernel File Systems.
1783609794.006615 localhost systemd[1]: Activating swap swap.img.swap - /swap.img...
1783609794.009303 localhost systemd[1]: Starting multipathd.service - Device-Mapper Multipath Device Controller...
1783609794.196903 localhost systemd-modules-load[319]: Inserted module 'msr'
1783609794.554563 localhost kernel: Adding 3261436k swap on /swap.img.  Priority:-2 extents:7 across:5735424k
1783609794.842866 localhost systemd[1]: systemd-hwdb-update.service - Rebuild Hardware Database was skipped because of an unmet condition check (ConditionNeedsUpdate=/etc).
1783609794.851678 localhost systemd[1]: Starting systemd-journal-flush.service - Flush Journal to Persistent Storage...
1783609794.852190 localhost systemd[1]: systemd-pstore.service - Platform Persistent Storage Archival was skipped because of an unmet condition check (ConditionDirectoryNotEmpty=/sys/fs/pstore).
1783609794.855212 localhost systemd[1]: Starting systemd-random-seed.service - Load/Save OS Random Seed...
1783609794.855653 localhost systemd[1]: systemd-tpm2-setup.service - TPM2 SRK Setup was skipped because of an unmet condition check (ConditionSecurity=measured-uki).
1783609794.855718 localhost systemd[1]: Activated swap swap.img.swap - /swap.img.
1783609794.856412 localhost systemd[1]: Finished keyboard-setup.service - Set the console keyboard layout.
1783609794.856894 localhost systemd[1]: Finished systemd-modules-load.service - Load Kernel Modules.
1783609794.860393 localhost systemd[1]: Reached target swap.target - Swaps.
1783609794.866648 localhost systemd[1]: Starting systemd-sysctl.service - Apply Kernel Variables...
1783609795.113268 localhost systemd[1]: Finished systemd-udev-trigger.service - Coldplug All udev Devices.
1783609795.134121 localhost lvm[311]:   1 logical volume(s) in volume group "ubuntu-vg" monitored
1783609795.224006 localhost systemd[1]: Finished lvm2-monitor.service - Monitoring of LVM2 mirrors, snapshots etc. using dmeventd or progress polling.
1783609795.304336 localhost systemd-journald[308]: Time spent on flushing to /var/log/journal/560b026a44d3424ea490d29e1a7e2775 is 2.314348s for 756 entries.
1783609795.304336 localhost systemd-journald[308]: System Journal (/var/log/journal/560b026a44d3424ea490d29e1a7e2775) is 65.8M, max 1.4G, 1.4G free.
1783609807.722573 localhost systemd-journald[308]: Received client request to flush runtime journal.
1783609807.722625 localhost kernel: workqueue: drm_fb_helper_damage_work hogged CPU for >10000us 32 times, consider switching to WQ_UNBOUND
1783609807.722643 localhost systemd-journald[308]: /var/log/journal/560b026a44d3424ea490d29e1a7e2775/system.journal: Journal file uses a different sequence number ID, rotating.
1783609807.722659 localhost systemd-journald[308]: Rotating system journal.
1783609807.722772 localhost multipathd[357]: multipathd v0.9.4: start up
1783609807.722772 localhost multipathd[357]: reconfigure: setting up paths and maps
1783609798.438265 localhost systemd[1]: Started multipathd.service - Device-Mapper Multipath Device Controller.
1783609798.678421 localhost systemd[1]: Finished systemd-random-seed.service - Load/Save OS Random Seed.
1783609798.687272 localhost systemd[1]: Finished systemd-tmpfiles-setup-dev-early.service - Create Static Device Nodes in /dev gracefully.
1783609798.688309 localhost systemd[1]: systemd-sysusers.service - Create System Users was skipped because no trigger condition checks were met.
1783609798.733695 localhost systemd[1]: Starting systemd-tmpfiles-setup-dev.service - Create Static Device Nodes in /dev...
1783609798.738705 localhost systemd[1]: Finished systemd-tmpfiles-setup-dev.service - Create Static Device Nodes in /dev.
1783609798.739172 localhost systemd[1]: Reached target local-fs-pre.target - Preparation for Local File Systems.
1783609798.741613 localhost systemd[1]: Starting systemd-udevd.service - Rule-based Manager for Device Events and Files...
1783609799.031760 localhost systemd-udevd[379]: Using default interface naming scheme 'v255'.
1783609799.286638 localhost systemd[1]: Finished systemd-sysctl.service - Apply Kernel Variables.
1783609807.723403 localhost systemd[1]: Finished systemd-journal-flush.service - Flush Journal to Persistent Storage.
root@eltex-practice2-v28:~# find / -name auth.log
/var/log/auth.log
^C
root@eltex-practice2-v28:~# awk '{source=$3; message=""; for(i=4;i<=NF;i++) message=message $i " ";  print source "|" message}' /var/log/auth.log | sed 's/\[[0-9]*\]//' | cat
CRON:|pam_unix(cron:session): session opened for user root(uid=0) by root(uid=0)
CRON:|pam_unix(cron:session): session closed for user root
CRON:|pam_unix(cron:session): session opened for user root(uid=0) by root(uid=0)
CRON:|pam_unix(cron:session): session closed for user root
CRON:|pam_unix(cron:session): session opened for user root(uid=0) by root(uid=0)
CRON:|pam_unix(cron:session): session closed for user root
CRON:|pam_unix(cron:session): session opened for user root(uid=0) by root(uid=0)
CRON:|pam_unix(cron:session): session closed for user root
CRON:|pam_unix(cron:session): session opened for user root(uid=0) by root(uid=0)
CRON:|pam_unix(cron:session): session closed for user root
CRON:|pam_unix(cron:session): session opened for user root(uid=0) by root(uid=0)
CRON:|pam_unix(cron:session): session closed for user root
CRON:|pam_unix(cron:session): session opened for user root(uid=0) by root(uid=0)
CRON:|pam_unix(cron:session): session closed for user root
CRON:|pam_unix(cron:session): session opened for user root(uid=0) by root(uid=0)
CRON:|pam_unix(cron:session): session closed for user root
CRON:|pam_unix(cron:session): session opened for user root(uid=0) by root(uid=0)
CRON:|pam_unix(cron:session): session closed for user root
CRON:|pam_unix(cron:session): session opened for user root(uid=0) by root(uid=0)
CRON:|pam_unix(cron:session): session closed for user root
CRON:|pam_unix(cron:session): session opened for user root(uid=0) by root(uid=0)
CRON:|pam_unix(cron:session): session closed for user root
CRON:|pam_unix(cron:session): session opened for user root(uid=0) by root(uid=0)
CRON:|pam_unix(cron:session): session closed for user root
CRON:|pam_unix(cron:session): session opened for user root(uid=0) by root(uid=0)
CRON:|pam_unix(cron:session): session closed for user root
CRON:|pam_unix(cron:session): session opened for user root(uid=0) by root(uid=0)
CRON:|pam_unix(cron:session): session closed for user root
CRON:|pam_unix(cron:session): session opened for user root(uid=0) by root(uid=0)
CRON:|pam_unix(cron:session): session closed for user root
CRON:|pam_unix(cron:session): session opened for user root(uid=0) by root(uid=0)
CRON:|pam_unix(cron:session): session closed for user root
CRON:|pam_unix(cron:session): session opened for user root(uid=0) by root(uid=0)
CRON:|pam_unix(cron:session): session closed for user root
CRON:|pam_unix(cron:session): session opened for user root(uid=0) by root(uid=0)
CRON:|pam_unix(cron:session): session closed for user root
CRON:|pam_unix(cron:session): session opened for user root(uid=0) by root(uid=0)
CRON:|pam_unix(cron:session): session closed for user root
CRON:|pam_unix(cron:session): session opened for user root(uid=0) by root(uid=0)
CRON:|pam_unix(cron:session): session closed for user root
CRON:|pam_unix(cron:session): session opened for user root(uid=0) by root(uid=0)
CRON:|pam_unix(cron:session): session closed for user root
CRON:|pam_unix(cron:session): session opened for user root(uid=0) by root(uid=0)
CRON:|pam_unix(cron:session): session closed for user root
CRON:|pam_unix(cron:session): session opened for user root(uid=0) by root(uid=0)
CRON:|pam_unix(cron:session): session closed for user root
CRON:|pam_unix(cron:session): session opened for user root(uid=0) by root(uid=0)
CRON:|pam_unix(cron:session): session closed for user root
CRON:|pam_unix(cron:session): session opened for user root(uid=0) by root(uid=0)
CRON:|pam_unix(cron:session): session closed for user root
CRON:|pam_unix(cron:session): session opened for user root(uid=0) by root(uid=0)
CRON:|pam_unix(cron:session): session closed for user root
CRON:|pam_unix(cron:session): session opened for user root(uid=0) by root(uid=0)
CRON:|pam_unix(cron:session): session closed for user root
CRON:|pam_unix(cron:session): session opened for user root(uid=0) by root(uid=0)
CRON:|pam_unix(cron:session): session closed for user root
CRON:|pam_unix(cron:session): session opened for user root(uid=0) by root(uid=0)
CRON:|pam_unix(cron:session): session closed for user root
CRON:|pam_unix(cron:session): session opened for user root(uid=0) by root(uid=0)
CRON:|pam_unix(cron:session): session closed for user root
CRON:|pam_unix(cron:session): session opened for user root(uid=0) by root(uid=0)
CRON:|pam_unix(cron:session): session closed for user root
CRON:|pam_unix(cron:session): session opened for user root(uid=0) by root(uid=0)
CRON:|pam_unix(cron:session): session closed for user root
CRON:|pam_unix(cron:session): session opened for user root(uid=0) by root(uid=0)
CRON:|pam_unix(cron:session): session closed for user root
CRON:|pam_unix(cron:session): session opened for user root(uid=0) by root(uid=0)
CRON:|pam_unix(cron:session): session closed for user root
CRON:|pam_unix(cron:session): session opened for user root(uid=0) by root(uid=0)
CRON:|pam_unix(cron:session): session closed for user root
CRON:|pam_unix(cron:session): session opened for user root(uid=0) by root(uid=0)
CRON:|pam_unix(cron:session): session closed for user root
CRON:|pam_unix(cron:session): session opened for user root(uid=0) by root(uid=0)
CRON:|pam_unix(cron:session): session closed for user root
CRON:|pam_unix(cron:session): session opened for user root(uid=0) by root(uid=0)
CRON:|pam_unix(cron:session): session closed for user root
CRON:|pam_unix(cron:session): session opened for user root(uid=0) by root(uid=0)
CRON:|pam_unix(cron:session): session closed for user root
CRON:|pam_unix(cron:session): session opened for user root(uid=0) by root(uid=0)
CRON:|pam_unix(cron:session): session closed for user root
CRON:|pam_unix(cron:session): session opened for user root(uid=0) by root(uid=0)
CRON:|pam_unix(cron:session): session closed for user root
CRON:|pam_unix(cron:session): session opened for user root(uid=0) by root(uid=0)
CRON:|pam_unix(cron:session): session closed for user root
CRON:|pam_unix(cron:session): session opened for user root(uid=0) by root(uid=0)
CRON:|pam_unix(cron:session): session closed for user root
CRON:|pam_unix(cron:session): session opened for user root(uid=0) by root(uid=0)
CRON:|pam_unix(cron:session): session closed for user root
CRON:|pam_unix(cron:session): session opened for user root(uid=0) by root(uid=0)
CRON:|pam_unix(cron:session): session closed for user root
CRON:|pam_unix(cron:session): session opened for user root(uid=0) by root(uid=0)
CRON:|pam_unix(cron:session): session closed for user root
CRON:|pam_unix(cron:session): session opened for user root(uid=0) by root(uid=0)
CRON:|pam_unix(cron:session): session closed for user root
CRON:|pam_unix(cron:session): session opened for user root(uid=0) by root(uid=0)
CRON:|pam_unix(cron:session): session opened for user root(uid=0) by root(uid=0)
CRON:|pam_unix(cron:session): session closed for user root
CRON:|pam_unix(cron:session): session closed for user root
CRON:|pam_unix(cron:session): session opened for user root(uid=0) by root(uid=0)
CRON:|pam_unix(cron:session): session closed for user root
CRON:|pam_unix(cron:session): session opened for user root(uid=0) by root(uid=0)
CRON:|pam_unix(cron:session): session closed for user root
CRON:|pam_unix(cron:session): session opened for user root(uid=0) by root(uid=0)
CRON:|pam_unix(cron:session): session closed for user root
CRON:|pam_unix(cron:session): session opened for user root(uid=0) by root(uid=0)
CRON:|pam_unix(cron:session): session closed for user root
CRON:|pam_unix(cron:session): session opened for user root(uid=0) by root(uid=0)
CRON:|pam_unix(cron:session): session closed for user root
CRON:|pam_unix(cron:session): session opened for user root(uid=0) by root(uid=0)
CRON:|pam_unix(cron:session): session closed for user root
CRON:|pam_unix(cron:session): session opened for user root(uid=0) by root(uid=0)
CRON:|pam_unix(cron:session): session closed for user root
CRON:|pam_unix(cron:session): session opened for user root(uid=0) by root(uid=0)
CRON:|pam_unix(cron:session): session closed for user root
CRON:|pam_unix(cron:session): session opened for user root(uid=0) by root(uid=0)
CRON:|pam_unix(cron:session): session closed for user root
CRON:|pam_unix(cron:session): session opened for user root(uid=0) by root(uid=0)
CRON:|pam_unix(cron:session): session closed for user root
CRON:|pam_unix(cron:session): session opened for user root(uid=0) by root(uid=0)
CRON:|pam_unix(cron:session): session closed for user root
CRON:|pam_unix(cron:session): session opened for user root(uid=0) by root(uid=0)
CRON:|pam_unix(cron:session): session closed for user root
CRON:|pam_unix(cron:session): session opened for user root(uid=0) by root(uid=0)
CRON:|pam_unix(cron:session): session closed for user root
CRON:|pam_unix(cron:session): session opened for user root(uid=0) by root(uid=0)
CRON:|pam_unix(cron:session): session closed for user root
CRON:|pam_unix(cron:session): session opened for user root(uid=0) by root(uid=0)
CRON:|pam_unix(cron:session): session closed for user root
CRON:|pam_unix(cron:session): session opened for user root(uid=0) by root(uid=0)
CRON:|pam_unix(cron:session): session closed for user root
CRON:|pam_unix(cron:session): session opened for user root(uid=0) by root(uid=0)
CRON:|pam_unix(cron:session): session closed for user root
CRON:|pam_unix(cron:session): session opened for user root(uid=0) by root(uid=0)
CRON:|pam_unix(cron:session): session closed for user root
CRON:|pam_unix(cron:session): session opened for user root(uid=0) by root(uid=0)
CRON:|pam_unix(cron:session): session closed for user root
CRON:|pam_unix(cron:session): session opened for user root(uid=0) by root(uid=0)
CRON:|pam_unix(cron:session): session closed for user root
CRON:|pam_unix(cron:session): session opened for user root(uid=0) by root(uid=0)
CRON:|pam_unix(cron:session): session closed for user root
CRON:|pam_unix(cron:session): session opened for user root(uid=0) by root(uid=0)
CRON:|pam_unix(cron:session): session closed for user root
CRON:|pam_unix(cron:session): session opened for user root(uid=0) by root(uid=0)
CRON:|pam_unix(cron:session): session closed for user root
CRON:|pam_unix(cron:session): session opened for user root(uid=0) by root(uid=0)
CRON:|pam_unix(cron:session): session closed for user root
CRON:|pam_unix(cron:session): session opened for user root(uid=0) by root(uid=0)
CRON:|pam_unix(cron:session): session closed for user root
CRON:|pam_unix(cron:session): session opened for user root(uid=0) by root(uid=0)
CRON:|pam_unix(cron:session): session closed for user root
CRON:|pam_unix(cron:session): session opened for user root(uid=0) by root(uid=0)
CRON:|pam_unix(cron:session): session closed for user root
CRON:|pam_unix(cron:session): session opened for user root(uid=0) by root(uid=0)
CRON:|pam_unix(cron:session): session closed for user root
CRON:|pam_unix(cron:session): session opened for user root(uid=0) by root(uid=0)
CRON:|pam_unix(cron:session): session closed for user root
CRON:|pam_unix(cron:session): session opened for user root(uid=0) by root(uid=0)
CRON:|pam_unix(cron:session): session closed for user root
CRON:|pam_unix(cron:session): session opened for user root(uid=0) by root(uid=0)
CRON:|pam_unix(cron:session): session closed for user root
CRON:|pam_unix(cron:session): session opened for user root(uid=0) by root(uid=0)
CRON:|pam_unix(cron:session): session closed for user root
CRON:|pam_unix(cron:session): session opened for user root(uid=0) by root(uid=0)
CRON:|pam_unix(cron:session): session closed for user root
CRON:|pam_unix(cron:session): session opened for user root(uid=0) by root(uid=0)
CRON:|pam_unix(cron:session): session closed for user root
CRON:|pam_unix(cron:session): session opened for user root(uid=0) by root(uid=0)
CRON:|pam_unix(cron:session): session closed for user root
CRON:|pam_unix(cron:session): session opened for user root(uid=0) by root(uid=0)
CRON:|pam_unix(cron:session): session closed for user root
CRON:|pam_unix(cron:session): session opened for user root(uid=0) by root(uid=0)
CRON:|pam_unix(cron:session): session closed for user root
CRON:|pam_unix(cron:session): session opened for user root(uid=0) by root(uid=0)
CRON:|pam_unix(cron:session): session closed for user root
CRON:|pam_unix(cron:session): session opened for user root(uid=0) by root(uid=0)
CRON:|pam_unix(cron:session): session closed for user root
CRON:|pam_unix(cron:session): session opened for user root(uid=0) by root(uid=0)
CRON:|pam_unix(cron:session): session closed for user root
CRON:|pam_unix(cron:session): session opened for user root(uid=0) by root(uid=0)
CRON:|pam_unix(cron:session): session closed for user root
CRON:|pam_unix(cron:session): session opened for user root(uid=0) by root(uid=0)
CRON:|pam_unix(cron:session): session closed for user root
CRON:|pam_unix(cron:session): session opened for user root(uid=0) by root(uid=0)
CRON:|pam_unix(cron:session): session closed for user root
CRON:|pam_unix(cron:session): session opened for user root(uid=0) by root(uid=0)
CRON:|pam_unix(cron:session): session closed for user root
CRON:|pam_unix(cron:session): session opened for user root(uid=0) by root(uid=0)
CRON:|pam_unix(cron:session): session closed for user root
CRON:|pam_unix(cron:session): session opened for user root(uid=0) by root(uid=0)
CRON:|pam_unix(cron:session): session closed for user root
CRON:|pam_unix(cron:session): session opened for user root(uid=0) by root(uid=0)
CRON:|pam_unix(cron:session): session closed for user root
CRON:|pam_unix(cron:session): session opened for user root(uid=0) by root(uid=0)
CRON:|pam_unix(cron:session): session closed for user root
CRON:|pam_unix(cron:session): session opened for user root(uid=0) by root(uid=0)
CRON:|pam_unix(cron:session): session closed for user root
CRON:|pam_unix(cron:session): session opened for user root(uid=0) by root(uid=0)
CRON:|pam_unix(cron:session): session closed for user root
CRON:|pam_unix(cron:session): session opened for user root(uid=0) by root(uid=0)
CRON:|pam_unix(cron:session): session closed for user root
CRON:|pam_unix(cron:session): session opened for user root(uid=0) by root(uid=0)
CRON:|pam_unix(cron:session): session closed for user root
CRON:|pam_unix(cron:session): session opened for user root(uid=0) by root(uid=0)
CRON:|pam_unix(cron:session): session closed for user root
CRON:|pam_unix(cron:session): session opened for user root(uid=0) by root(uid=0)
CRON:|pam_unix(cron:session): session closed for user root
CRON:|pam_unix(cron:session): session opened for user root(uid=0) by root(uid=0)
CRON:|pam_unix(cron:session): session closed for user root
CRON:|pam_unix(cron:session): session opened for user root(uid=0) by root(uid=0)
CRON:|pam_unix(cron:session): session closed for user root
CRON:|pam_unix(cron:session): session opened for user root(uid=0) by root(uid=0)
CRON:|pam_unix(cron:session): session closed for user root
CRON:|pam_unix(cron:session): session opened for user root(uid=0) by root(uid=0)
CRON:|pam_unix(cron:session): session closed for user root
CRON:|pam_unix(cron:session): session opened for user root(uid=0) by root(uid=0)
CRON:|pam_unix(cron:session): session closed for user root
CRON:|pam_unix(cron:session): session opened for user root(uid=0) by root(uid=0)
CRON:|pam_unix(cron:session): session closed for user root
CRON:|pam_unix(cron:session): session opened for user root(uid=0) by root(uid=0)
CRON:|pam_unix(cron:session): session closed for user root
CRON:|pam_unix(cron:session): session opened for user root(uid=0) by root(uid=0)
CRON:|pam_unix(cron:session): session closed for user root
CRON:|pam_unix(cron:session): session opened for user root(uid=0) by root(uid=0)
CRON:|pam_unix(cron:session): session closed for user root
CRON:|pam_unix(cron:session): session opened for user root(uid=0) by root(uid=0)
CRON:|pam_unix(cron:session): session closed for user root
CRON:|pam_unix(cron:session): session opened for user root(uid=0) by root(uid=0)
CRON:|pam_unix(cron:session): session closed for user root
CRON:|pam_unix(cron:session): session opened for user root(uid=0) by root(uid=0)
CRON:|pam_unix(cron:session): session closed for user root
CRON:|pam_unix(cron:session): session opened for user root(uid=0) by root(uid=0)
CRON:|pam_unix(cron:session): session closed for user root
CRON:|pam_unix(cron:session): session opened for user root(uid=0) by root(uid=0)
CRON:|pam_unix(cron:session): session closed for user root
CRON:|pam_unix(cron:session): session opened for user root(uid=0) by root(uid=0)
CRON:|pam_unix(cron:session): session closed for user root
CRON:|pam_unix(cron:session): session opened for user root(uid=0) by root(uid=0)
CRON:|pam_unix(cron:session): session closed for user root
CRON:|pam_unix(cron:session): session opened for user root(uid=0) by root(uid=0)
CRON:|pam_unix(cron:session): session closed for user root
CRON:|pam_unix(cron:session): session opened for user root(uid=0) by root(uid=0)
CRON:|pam_unix(cron:session): session closed for user root
CRON:|pam_unix(cron:session): session opened for user root(uid=0) by root(uid=0)
CRON:|pam_unix(cron:session): session closed for user root
sshd:|Server listening on 0.0.0.0 port 22.
sshd:|Server listening on :: port 22.
sshd:|pam_unix(sshd:auth): authentication failure; logname= uid=0 euid=0 tty=ssh ruser= rhost=172.16.8.4 user=root
sshd:|Failed password for root from 172.16.8.4 port 57864 ssh2
sshd:|Failed password for root from 172.16.8.4 port 57864 ssh2
sshd:|Accepted password for root from 172.16.8.4 port 57864 ssh2
sshd:|pam_unix(sshd:session): session opened for user root(uid=0) by root(uid=0)
systemd-logind:|New session 528 of user root.
(systemd):|pam_unix(systemd-user:session): session opened for user root(uid=0) by root(uid=0)
sudo:|root : TTY=pts/2 ; PWD=/root ; USER=root ; COMMAND=/usr/bin/rm /opt/share
sudo:|pam_unix(sudo:session): session opened for user root(uid=0) by root(uid=0)
sudo:|pam_unix(sudo:session): session closed for user root
sudo:|root : TTY=pts/2 ; PWD=/root ; USER=root ; COMMAND=/usr/bin/mkdir /opt/share
sudo:|pam_unix(sudo:session): session opened for user root(uid=0) by root(uid=0)
sudo:|pam_unix(sudo:session): session closed for user root
CRON:|pam_unix(cron:session): session opened for user root(uid=0) by root(uid=0)
CRON:|pam_unix(cron:session): session closed for user root
groupdel:|group 'usergroup' removed from /etc/group
groupdel:|group 'usergroup' removed from /etc/gshadow
groupdel:|group 'usergroup' removed
groupadd:|group added to /etc/group: name=usergroup, GID=1004
groupadd:|group added to /etc/gshadow: name=usergroup
groupadd:|new group: name=usergroup, GID=1004
usermod:|add 'user1' to group 'usergroup'
usermod:|add 'user1' to shadow group 'usergroup'
usermod:|add 'user2' to group 'usergroup'
usermod:|add 'user2' to shadow group 'usergroup'
usermod:|add 'user3' to group 'usergroup'
usermod:|add 'user3' to shadow group 'usergroup'
sudo:|root : TTY=pts/2 ; PWD=/root ; USER=root ; COMMAND=/usr/bin/nano /home/user1/.bashrc
sudo:|pam_unix(sudo:session): session opened for user root(uid=0) by root(uid=0)
sudo:|pam_unix(sudo:session): session closed for user root
su:|(to user1) root on pts/2
su:|pam_unix(su-l:session): session opened for user user1(uid=1001) by root(uid=0)
su:|pam_unix(su-l:session): session closed for user user1
groupdel:|group 'usergroup' removed from /etc/group
groupdel:|group 'usergroup' removed from /etc/gshadow
groupdel:|group 'usergroup' removed
userdel:|delete user 'user3'
userdel:|removed group 'user3' owned by 'user3'
userdel:|removed shadow group 'user3' owned by 'user3'
userdel:|delete user 'user2'
userdel:|removed group 'user2' owned by 'user2'
userdel:|removed shadow group 'user2' owned by 'user2'
userdel:|delete user 'user1'
userdel:|removed group 'user1' owned by 'user1'
userdel:|removed shadow group 'user1' owned by 'user1'
CRON:|pam_unix(cron:session): session opened for user root(uid=0) by root(uid=0)
CRON:|pam_unix(cron:session): session closed for user root
sudo:|root : TTY=pts/2 ; PWD=/root ; USER=root ; COMMAND=/usr/sbin/useradd -m -s /bin/bash user1 --password user1
sudo:|pam_unix(sudo:session): session opened for user root(uid=0) by root(uid=0)
useradd:|new group: name=user1, GID=1001
useradd:|new user: name=user1, UID=1001, GID=1001, home=/home/user1, shell=/bin/bash, from=/dev/pts/3
sudo:|pam_unix(sudo:session): session closed for user root
groupadd:|group added to /etc/group: name=user2, GID=1002
groupadd:|group added to /etc/gshadow: name=user2
groupadd:|new group: name=user2, GID=1002
useradd:|new user: name=user2, UID=1002, GID=1002, home=/home/user2, shell=/bin/bash, from=/dev/pts/2
CRON:|pam_unix(cron:session): session opened for user root(uid=0) by root(uid=0)
CRON:|pam_unix(cron:session): session closed for user root
passwd:|pam_unix(passwd:chauthtok): password changed for user2
CRON:|pam_unix(cron:session): session opened for user root(uid=0) by root(uid=0)
CRON:|pam_unix(cron:session): session closed for user root
useradd:|failed adding user 'user2', exit code: 9
userdel:|delete user 'user2'
userdel:|removed group 'user2' owned by 'user2'
userdel:|removed shadow group 'user2' owned by 'user2'
useradd:|new group: name=user2, GID=1002
useradd:|new user: name=user2, UID=1002, GID=1002, home=/home/user2, shell=/bin/sh, from=/dev/pts/2
useradd:|new group: name=user3, GID=1003
useradd:|new user: name=user3, UID=1003, GID=1003, home=/home/user3, shell=/bin/sh, from=/dev/pts/2
userdel:|delete user 'user3'
userdel:|removed group 'user3' owned by 'user3'
userdel:|removed shadow group 'user3' owned by 'user3'
useradd:|new group: name=user3, GID=1003
useradd:|new user: name=user3, UID=1003, GID=1003, home=/home/user3, shell=/bin/sh, from=/dev/pts/2
usermod:|change user 'user3' shell from '/bin/sh' to '/usr/sbin/nologin'
su:|(to user3) root on pts/2
su:|pam_unix(su:session): session opened for user user3(uid=1003) by root(uid=0)
nologin:|Attempted login by root (UID: 1003) on /dev/pts/2
su:|pam_unix(su:session): session closed for user user3
su:|(to user3) root on pts/2
su:|pam_unix(su:session): session opened for user user3(uid=1003) by root(uid=0)
su:|pam_unix(su:session): session closed for user user3
groupadd:|group added to /etc/group: name=usergroup, GID=1004
groupadd:|group added to /etc/gshadow: name=usergroup
groupadd:|new group: name=usergroup, GID=1004
usermod:|add 'user1' to group 'usergroup'
usermod:|add 'user1' to shadow group 'usergroup'
usermod:|add 'user2' to group 'usergroup'
usermod:|add 'user2' to shadow group 'usergroup'
usermod:|add 'user3' to group 'usergroup'
usermod:|add 'user3' to shadow group 'usergroup'
CRON:|pam_unix(cron:session): session opened for user root(uid=0) by root(uid=0)
CRON:|pam_unix(cron:session): session closed for user root
su:|(to user1) root on pts/2
su:|pam_unix(su:session): session opened for user user1(uid=1001) by root(uid=0)
su:|pam_unix(su:session): session closed for user user1
su:|(to user2) root on pts/2
su:|pam_unix(su:session): session opened for user user2(uid=1002) by root(uid=0)
CRON:|pam_unix(cron:session): session opened for user root(uid=0) by root(uid=0)
CRON:|pam_unix(cron:session): session closed for user root
su:|pam_unix(su:session): session closed for user user2
su:|(to user3) root on pts/2
su:|pam_unix(su:session): session opened for user user3(uid=1003) by root(uid=0)
su:|pam_unix(su:session): session closed for user user3
su:|(to user1) root on pts/2
su:|pam_unix(su:session): session opened for user user1(uid=1001) by root(uid=0)
su:|pam_unix(su:session): session closed for user user1
su:|(to user2) root on pts/2
su:|pam_unix(su:session): session opened for user user2(uid=1002) by root(uid=0)
su:|pam_unix(su:session): session closed for user user2
su:|(to user1) root on pts/2
su:|pam_unix(su:session): session opened for user user1(uid=1001) by root(uid=0)
su:|pam_unix(su:session): session closed for user user1
CRON:|pam_unix(cron:session): session opened for user root(uid=0) by root(uid=0)
CRON:|pam_unix(cron:session): session closed for user root
su:|(to user1) root on pts/2
su:|pam_unix(su:session): session opened for user user1(uid=1001) by root(uid=0)
sudo:|pam_unix(sudo:auth): authentication failure; logname=root uid=1001 euid=0 tty=/dev/pts/2 ruser=user1 rhost= user=user1
sudo:|pam_unix(sudo:auth): conversation failed
sudo:|pam_unix(sudo:auth): auth could not identify password for [user1]
sudo:|user1 : command not allowed ; TTY=pts/2 ; PWD=/root ; USER=root ; COMMAND=/usr/bin/dmesg
su:|pam_unix(su:session): session closed for user user1
su:|(to user1) root on pts/2
su:|pam_unix(su:session): session opened for user user1(uid=1001) by root(uid=0)
sudo:|user1 : TTY=pts/2 ; PWD=/root ; USER=root ; COMMAND=/usr/bin/dmesg
sudo:|pam_unix(sudo:session): session opened for user root(uid=0) by root(uid=1001)
sudo:|pam_unix(sudo:session): session closed for user root
su:|pam_unix(su:session): session closed for user user1
sudo:|root : TTY=pts/2 ; PWD=/root ; USER=root ; COMMAND=/usr/bin/chmod 4755 dmesg_run.sh
sudo:|pam_unix(sudo:session): session opened for user root(uid=0) by root(uid=0)
sudo:|pam_unix(sudo:session): session closed for user root
su:|(to user2) root on pts/2
su:|pam_unix(su:session): session opened for user user2(uid=1002) by root(uid=0)
su:|pam_unix(su:session): session closed for user user2
CRON:|pam_unix(cron:session): session opened for user root(uid=0) by root(uid=0)
CRON:|pam_unix(cron:session): session closed for user root
su:|(to user2) root on pts/2
su:|pam_unix(su:session): session opened for user user2(uid=1002) by root(uid=0)
su:|pam_unix(su:session): session closed for user user2
chage:|changed password expiry for user1
chage:|changed password expiry for user2
chage:|changed password expiry for user3
su:|(to user2) root on pts/2
su:|pam_unix(su:session): session opened for user user2(uid=1002) by root(uid=0)
sudo:|pam_unix(sudo:auth): authentication failure; logname=root uid=1002 euid=0 tty=/dev/pts/2 ruser=user2 rhost= user=user2
sudo:|user2 : user NOT in sudoers ; TTY=pts/2 ; PWD=/root ; USER=root ; COMMAND=/tmp/dmesg_run.sh
sudo:|pam_unix(sudo:auth): authentication failure; logname=root uid=1002 euid=0 tty=/dev/pts/2 ruser=user2 rhost= user=user2
sudo:|pam_unix(sudo:auth): conversation failed
sudo:|pam_unix(sudo:auth): auth could not identify password for [user2]
sudo:|user2 : user NOT in sudoers ; TTY=pts/2 ; PWD=/root ; USER=root ; COMMAND=/tmp/dmesg_run.sh
su:|pam_unix(su:session): session closed for user user2
su:|(to user2) root on pts/2
su:|pam_unix(su:session): session opened for user user2(uid=1002) by root(uid=0)
sudo:|pam_unix(sudo:auth): authentication failure; logname=root uid=1002 euid=0 tty=/dev/pts/2 ruser=user2 rhost= user=user2
sudo:|pam_unix(sudo:auth): conversation failed
sudo:|pam_unix(sudo:auth): auth could not identify password for [user2]
sudo:|user2 : user NOT in sudoers ; TTY=pts/2 ; PWD=/root ; USER=root ; COMMAND=/tmp/dmesg_run.sh
su:|pam_unix(su:session): session closed for user user2
sudo:|root : TTY=pts/2 ; PWD=/root ; USER=root ; COMMAND=/usr/bin/nano /etc/motd
sudo:|pam_unix(sudo:session): session opened for user root(uid=0) by root(uid=0)
sudo:|pam_unix(sudo:session): session closed for user root
CRON:|pam_unix(cron:session): session opened for user root(uid=0) by root(uid=0)
CRON:|pam_unix(cron:session): session closed for user root
CRON:|pam_unix(cron:session): session opened for user root(uid=0) by root(uid=0)
CRON:|pam_unix(cron:session): session closed for user root
CRON:|pam_unix(cron:session): session opened for user root(uid=0) by root(uid=0)
CRON:|pam_unix(cron:session): session closed for user root
CRON:|pam_unix(cron:session): session opened for user root(uid=0) by root(uid=0)
CRON:|pam_unix(cron:session): session closed for user root
sudo:|root : TTY=pts/2 ; PWD=/root ; USER=root ; COMMAND=/usr/bin/tee -a /etc/motd
sudo:|pam_unix(sudo:session): session opened for user root(uid=0) by root(uid=0)
sudo:|pam_unix(sudo:session): session closed for user root
CRON:|pam_unix(cron:session): session opened for user root(uid=0) by root(uid=0)
CRON:|pam_unix(cron:session): session closed for user root
CRON:|pam_unix(cron:session): session opened for user root(uid=0) by root(uid=0)
CRON:|pam_unix(cron:session): session closed for user root
CRON:|pam_unix(cron:session): session opened for user root(uid=0) by root(uid=0)
CRON:|pam_unix(cron:session): session closed for user root
CRON:|pam_unix(cron:session): session opened for user root(uid=0) by root(uid=0)
CRON:|pam_unix(cron:session): session closed for user root
CRON:|pam_unix(cron:session): session opened for user root(uid=0) by root(uid=0)
CRON:|pam_unix(cron:session): session closed for user root
CRON:|pam_unix(cron:session): session opened for user root(uid=0) by root(uid=0)
CRON:|pam_unix(cron:session): session closed for user root
CRON:|pam_unix(cron:session): session opened for user root(uid=0) by root(uid=0)
CRON:|pam_unix(cron:session): session closed for user root
CRON:|pam_unix(cron:session): session opened for user root(uid=0) by root(uid=0)
CRON:|pam_unix(cron:session): session closed for user root
CRON:|pam_unix(cron:session): session opened for user root(uid=0) by root(uid=0)
CRON:|pam_unix(cron:session): session closed for user root
CRON:|pam_unix(cron:session): session opened for user root(uid=0) by root(uid=0)
CRON:|pam_unix(cron:session): session closed for user root
CRON:|pam_unix(cron:session): session opened for user root(uid=0) by root(uid=0)
CRON:|pam_unix(cron:session): session closed for user root
